Component: ARM Compiler 5.06 update 6 (build 750) Tool: armlink [4d35ed]

==============================================================================

Section Cross References

    system_stm32f10x.o(i.SetSysClock) refers to system_stm32f10x.o(i.SetSysClockTo72) for SetSysClockTo72
    system_stm32f10x.o(i.SystemCoreClockUpdate) refers to system_stm32f10x.o(.data) for SystemCoreClock
    system_stm32f10x.o(i.SystemInit) refers to system_stm32f10x.o(i.SetSysClock) for SetSysClock
    startup_stm32f10x_hd.o(STACK) refers (Special) to heapauxi.o(.text) for __use_two_region_memory
    startup_stm32f10x_hd.o(HEAP) refers (Special) to heapauxi.o(.text) for __use_two_region_memory
    startup_stm32f10x_hd.o(RESET) refers (Special) to heapauxi.o(.text) for __use_two_region_memory
    startup_stm32f10x_hd.o(RESET) refers to startup_stm32f10x_hd.o(STACK) for __initial_sp
    startup_stm32f10x_hd.o(RESET) refers to startup_stm32f10x_hd.o(.text) for Reset_Handler
    startup_stm32f10x_hd.o(RESET) refers to stm32f10x_it.o(i.NMI_Handler) for NMI_Handler
    startup_stm32f10x_hd.o(RESET) refers to stm32f10x_it.o(i.HardFault_Handler) for HardFault_Handler
    startup_stm32f10x_hd.o(RESET) refers to stm32f10x_it.o(i.MemManage_Handler) for MemManage_Handler
    startup_stm32f10x_hd.o(RESET) refers to stm32f10x_it.o(i.BusFault_Handler) for BusFault_Handler
    startup_stm32f10x_hd.o(RESET) refers to stm32f10x_it.o(i.UsageFault_Handler) for UsageFault_Handler
    startup_stm32f10x_hd.o(RESET) refers to stm32f10x_it.o(i.SVC_Handler) for SVC_Handler
    startup_stm32f10x_hd.o(RESET) refers to stm32f10x_it.o(i.DebugMon_Handler) for DebugMon_Handler
    startup_stm32f10x_hd.o(RESET) refers to stm32f10x_it.o(i.PendSV_Handler) for PendSV_Handler
    startup_stm32f10x_hd.o(RESET) refers to stm32f10x_it.o(i.SysTick_Handler) for SysTick_Handler
    startup_stm32f10x_hd.o(RESET) refers to usart.o(i.USART1_IRQHandler) for USART1_IRQHandler
    startup_stm32f10x_hd.o(RESET) refers to usart.o(i.USART2_IRQHandler) for USART2_IRQHandler
    startup_stm32f10x_hd.o(RESET) refers to usart.o(i.USART3_IRQHandler) for USART3_IRQHandler
    startup_stm32f10x_hd.o(RESET) refers to usart.o(i.UART5_IRQHandler) for UART5_IRQHandler
    startup_stm32f10x_hd.o(.text) refers (Special) to heapauxi.o(.text) for __use_two_region_memory
    startup_stm32f10x_hd.o(.text) refers to system_stm32f10x.o(i.SystemInit) for SystemInit
    startup_stm32f10x_hd.o(.text) refers to __main.o(!!!main) for __main
    startup_stm32f10x_hd.o(.text) refers to startup_stm32f10x_hd.o(HEAP) for Heap_Mem
    startup_stm32f10x_hd.o(.text) refers to startup_stm32f10x_hd.o(STACK) for Stack_Mem
    stm32f10x_adc.o(i.ADC_DeInit) refers to stm32f10x_rcc.o(i.RCC_APB2PeriphResetCmd) for RCC_APB2PeriphResetCmd
    stm32f10x_bkp.o(i.BKP_DeInit) refers to stm32f10x_rcc.o(i.RCC_BackupResetCmd) for RCC_BackupResetCmd
    stm32f10x_can.o(i.CAN_DeInit) refers to stm32f10x_rcc.o(i.RCC_APB1PeriphResetCmd) for RCC_APB1PeriphResetCmd
    stm32f10x_can.o(i.CAN_GetITStatus) refers to stm32f10x_can.o(i.CheckITStatus) for CheckITStatus
    stm32f10x_cec.o(i.CEC_DeInit) refers to stm32f10x_rcc.o(i.RCC_APB1PeriphResetCmd) for RCC_APB1PeriphResetCmd
    stm32f10x_dac.o(i.DAC_DeInit) refers to stm32f10x_rcc.o(i.RCC_APB1PeriphResetCmd) for RCC_APB1PeriphResetCmd
    stm32f10x_flash.o(i.FLASH_EnableWriteProtection) refers to stm32f10x_flash.o(i.FLASH_WaitForLastOperation) for FLASH_WaitForLastOperation
    stm32f10x_flash.o(i.FLASH_EraseAllBank1Pages) refers to stm32f10x_flash.o(i.FLASH_WaitForLastBank1Operation) for FLASH_WaitForLastBank1Operation
    stm32f10x_flash.o(i.FLASH_EraseAllPages) refers to stm32f10x_flash.o(i.FLASH_WaitForLastOperation) for FLASH_WaitForLastOperation
    stm32f10x_flash.o(i.FLASH_EraseOptionBytes) refers to stm32f10x_flash.o(i.FLASH_GetReadOutProtectionStatus) for FLASH_GetReadOutProtectionStatus
    stm32f10x_flash.o(i.FLASH_EraseOptionBytes) refers to stm32f10x_flash.o(i.FLASH_WaitForLastOperation) for FLASH_WaitForLastOperation
    stm32f10x_flash.o(i.FLASH_ErasePage) refers to stm32f10x_flash.o(i.FLASH_WaitForLastOperation) for FLASH_WaitForLastOperation
    stm32f10x_flash.o(i.FLASH_ProgramHalfWord) refers to stm32f10x_flash.o(i.FLASH_WaitForLastOperation) for FLASH_WaitForLastOperation
    stm32f10x_flash.o(i.FLASH_ProgramOptionByteData) refers to stm32f10x_flash.o(i.FLASH_WaitForLastOperation) for FLASH_WaitForLastOperation
    stm32f10x_flash.o(i.FLASH_ProgramWord) refers to stm32f10x_flash.o(i.FLASH_WaitForLastOperation) for FLASH_WaitForLastOperation
    stm32f10x_flash.o(i.FLASH_ReadOutProtection) refers to stm32f10x_flash.o(i.FLASH_WaitForLastOperation) for FLASH_WaitForLastOperation
    stm32f10x_flash.o(i.FLASH_UserOptionByteConfig) refers to stm32f10x_flash.o(i.FLASH_WaitForLastOperation) for FLASH_WaitForLastOperation
    stm32f10x_flash.o(i.FLASH_WaitForLastBank1Operation) refers to stm32f10x_flash.o(i.FLASH_GetBank1Status) for FLASH_GetBank1Status
[...]
    ..\Cortex-M3\FLIW\src\stm32f10x_exti.c   0x00000000   Number         0  stm32f10x_exti.o ABSOLUTE
    ..\Cortex-M3\FLIW\src\stm32f10x_flash.c  0x00000000   Number         0  stm32f10x_flash.o ABSOLUTE
    ..\Cortex-M3\FLIW\src\stm32f10x_fsmc.c   0x00000000   Number         0  stm32f10x_fsmc.o ABSOLUTE
    ..\Cortex-M3\FLIW\src\stm32f10x_gpio.c   0x00000000   Number         0  stm32f10x_gpio.o ABSOLUTE
    ..\Cortex-M3\FLIW\src\stm32f10x_i2c.c    0x00000000   Number         0  stm32f10x_i2c.o ABSOLUTE
    ..\Cortex-M3\FLIW\src\stm32f10x_iwdg.c   0x00000000   Number         0  stm32f10x_iwdg.o ABSOLUTE
    ..\Cortex-M3\FLIW\src\stm32f10x_pwr.c    0x00000000   Number         0  stm32f10x_pwr.o ABSOLUTE
    ..\Cortex-M3\FLIW\src\stm32f10x_rcc.c    0x00000000   Number         0  stm32f10x_rcc.o ABSOLUTE
    ..\Cortex-M3\FLIW\src\stm32f10x_rtc.c    0x00000000   Number         0  stm32f10x_rtc.o ABSOLUTE
    ..\Cortex-M3\FLIW\src\stm32f10x_sdio.c   0x00000000   Number         0  stm32f10x_sdio.o ABSOLUTE
    ..\Cortex-M3\FLIW\src\stm32f10x_spi.c    0x00000000   Number         0  stm32f10x_spi.o ABSOLUTE
    ..\Cortex-M3\FLIW\src\stm32f10x_tim.c    0x00000000   Number         0  stm32f10x_tim.o ABSOLUTE
    ..\Cortex-M3\FLIW\src\stm32f10x_usart.c  0x00000000   Number         0  stm32f10x_usart.o ABSOLUTE
    ..\Cortex-M3\FLIW\src\stm32f10x_wwdg.c   0x00000000   Number         0  stm32f10x_wwdg.o ABSOLUTE
    ..\User\main.c                           0x00000000   Number         0  main.o ABSOLUTE
    ..\\BspLibrary\\System\\sys\\sys.c       0x00000000   Number         0  sys.o ABSOLUTE
    ..\\Cortex-M3\\CORE\\core_cm3.c          0x00000000   Number         0  core_cm3.o ABSOLUTE
    dc.s                                     0x00000000   Number         0  dc.o ABSOLUTE
    RESET                                    0x08000000   Section      304  startup_stm32f10x_hd.o(RESET)
    !!!main                                  0x08000130   Section        8  __main.o(!!!main)
    !!!scatter                               0x08000138   Section       52  __scatter.o(!!!scatter)
    !!handler_copy                           0x0800016c   Section       26  __scatter_copy.o(!!handler_copy)
    !!handler_zi                             0x08000188   Section       28  __scatter_zi.o(!!handler_zi)
    .ARM.Collect$$libinit$$00000000          0x080001a4   Section        2  libinit.o(.ARM.Collect$$libinit$$00000000)
    .ARM.Collect$$libinit$$00000002          0x080001a6   Section        0  libinit2.o(.ARM.Collect$$libinit$$00000002)
    .ARM.Collect$$libinit$$00000004          0x080001a6   Section        0  libinit2.o(.ARM.Collect$$libinit$$00000004)
    .ARM.Collect$$libinit$$0000000A          0x080001a6   Section        0  libinit2.o(.ARM.Collect$$libinit$$0000000A)
    .ARM.Collect$$libinit$$0000000C          0x080001a6   Section        0  libinit2.o(.ARM.Collect$$libinit$$0000000C)
    .ARM.Collect$$libinit$$0000000E          0x080001a6   Section        0  libinit2.o(.ARM.Collect$$libinit$$0000000E)
    .ARM.Collect$$libinit$$00000011          0x080001a6   Section        0  libinit2.o(.ARM.Collect$$libinit$$00000011)
    .ARM.Collect$$libinit$$00000013          0x080001a6   Section        0  libinit2.o(.ARM.Collect$$libinit$$00000013)
    .ARM.Collect$$libinit$$00000015          0x080001a6   Section        0  libinit2.o(.ARM.Collect$$libinit$$00000015)
    .ARM.Collect$$libinit$$00000017          0x080001a6   Section        0  libinit2.o(.ARM.Collect$$libinit$$00000017)
    .ARM.Collect$$libinit$$00000019          0x080001a6   Section        0  libinit2.o(.ARM.Collect$$libinit$$00000019)
    .ARM.Collect$$libinit$$0000001B          0x080001a6   Section        0  libinit2.o(.ARM.Collect$$libinit$$0000001B)
    .ARM.Collect$$libinit$$0000001D          0x080001a6   Section        0  libinit2.o(.ARM.Collect$$libinit$$0000001D)
    .ARM.Collect$$libinit$$0000001F          0x080001a6   Section        0  libinit2.o(.ARM.Collect$$libinit$$0000001F)
    .ARM.Collect$$libinit$$00000021          0x080001a6   Section        0  libinit2.o(.ARM.Collect$$libinit$$00000021)
    .ARM.Collect$$libinit$$00000023          0x080001a6   Section        0  libinit2.o(.ARM.Collect$$libinit$$00000023)
    .ARM.Collect$$libinit$$00000025          0x080001a6   Section        0  libinit2.o(.ARM.Collect$$libinit$$00000025)
    .ARM.Collect$$libinit$$0000002C          0x080001a6   Section        0  libinit2.o(.ARM.Collect$$libinit$$0000002C)
    .ARM.Collect$$libinit$$0000002E          0x080001a6   Section        0  libinit2.o(.ARM.Collect$$libinit$$0000002E)
    .ARM.Collect$$libinit$$00000030          0x080001a6   Section        0  libinit2.o(.ARM.Collect$$libinit$$00000030)
    .ARM.Collect$$libinit$$00000032          0x080001a6   Section        0  libinit2.o(.ARM.Collect$$libinit$$00000032)
    .ARM.Collect$$libinit$$00000033          0x080001a6   Section        2  libinit2.o(.ARM.Collect$$libinit$$00000033)
    .ARM.Collect$$libshutdown$$00000000      0x080001a8   Section        2  libshutdown.o(.ARM.Collect$$libshutdown$$00000000)
    .ARM.Collect$$libshutdown$$00000002      0x080001aa   Section        0  libshutdown2.o(.ARM.Collect$$libshutdown$$00000002)
    .ARM.Collect$$libshutdown$$00000004      0x080001aa   Section        0  libshutdown2.o(.ARM.Collect$$libshutdown$$00000004)
    .ARM.Collect$$libshutdown$$00000007      0x080001aa   Section        0  libshutdown2.o(.ARM.Collect$$libshutdown$$00000007)
    .ARM.Collect$$libshutdown$$0000000A      0x080001aa   Section        0  libshutdown2.o(.ARM.Collect$$libshutdown$$0000000A)
    .ARM.Collect$$libshutdown$$0000000C      0x080001aa   Section        0  libshutdown2.o(.ARM.Collect$$libshutdown$$0000000C)
    .ARM.Collect$$libshutdown$$0000000F      0x080001aa   Section        0  libshutdown2.o(.ARM.Collect$$libshutdown$$0000000F)
    .ARM.Collect$$libshutdown$$00000010      0x080001aa   Section        2  libshutdown2.o(.ARM.Collect$$libshutdown$$00000010)
    .ARM.Collect$$rtentry$$00000000          0x080001ac   Section        0  __rtentry.o(.ARM.Collect$$rtentry$$00000000)
    .ARM.Collect$$rtentry$$00000002          0x080001ac   Section        0  __rtentry2.o(.ARM.Collect$$rtentry$$00000002)
    .ARM.Collect$$rtentry$$00000004          0x080001ac   Section        6  __rtentry4.o(.ARM.Collect$$rtentry$$00000004)
    .ARM.Collect$$rtentry$$00000009          0x080001b2   Section        0  __rtentry2.o(.ARM.Collect$$rtentry$$00000009)
    .ARM.Collect$$rtentry$$0000000A          0x080001b2   Section        4  __rtentry2.o(.ARM.Collect$$rtentry$$0000000A)
    .ARM.Collect$$rtentry$$0000000C          0x080001b6   Section        0  __rtentry2.o(.ARM.Collect$$rtentry$$0000000C)
    .ARM.Collect$$rtentry$$0000000D          0x080001b6   Section        8  __rtentry2.o(.ARM.Collect$$rtentry$$0000000D)
    .ARM.Collect$$rtexit$$00000000           0x080001be   Section        2  rtexit.o(.ARM.Collect$$rtexit$$00000000)
    .ARM.Collect$$rtexit$$00000002           0x080001c0   Section        0  rtexit2.o(.ARM.Collect$$rtexit$$00000002)
    .ARM.Collect$$rtexit$$00000003           0x080001c0   Section        4  rtexit2.o(.ARM.Collect$$rtexit$$00000003)
    .ARM.Collect$$rtexit$$00000004           0x080001c4   Section        6  rtexit2.o(.ARM.Collect$$rtexit$$00000004)
    .text                                    0x080001cc   Section       64  startup_stm32f10x_hd.o(.text)
    .text                                    0x0800020c   Section        2  use_no_semi_2.o(.text)
    .text                                    0x0800020e   Section        0  heapauxi.o(.text)
    .text                                    0x08000214   Section        2  use_no_semi.o(.text)
    .text                                    0x08000216   Section        0  _rserrno.o(.text)
    .text                                    0x0800022c   Section        8  rt_errno_addr_intlibspace.o(.text)
    .text                                    0x08000234   Section        8  libspace.o(.text)
    .text                                    0x0800023c   Section       74  sys_stackheap_outer.o(.text)
    .text                                    0x08000286   Section        0  exit.o(.text)
    i.ADC_GetConversionValue                 0x08000298   Section        0  stm32f10x_adc.o(i.ADC_GetConversionValue)
    i.ADC_GetFlagStatus                      0x080002a0   Section        0  stm32f10x_adc.o(i.ADC_GetFlagStatus)
    i.ADC_RegularChannelConfig               0x080002b2   Section        0  stm32f10x_adc.o(i.ADC_RegularChannelConfig)
    i.ADC_SoftwareStartConvCmd               0x0800036a   Section        0  stm32f10x_adc.o(i.ADC_SoftwareStartConvCmd)
    i.BootOnSyatem                           0x08000380   Section        0  power.o(i.BootOnSyatem)
    i.BordHardweardInit                      0x080003d0   Section        0  bord.o(i.BordHardweardInit)
    i.BusFault_Handler                       0x080003f4   Section        0  stm32f10x_it.o(i.BusFault_Handler)
    i.DebugMon_Handler                       0x080003f8   Section        0  stm32f10x_it.o(i.DebugMon_Handler)
    i.Draw_Circle                            0x080003fa   Section        0  lcd.o(i.Draw_Circle)
    i.EXW25QXX_Init                          0x08000498   Section        0  exw25q128.o(i.EXW25QXX_Init)
    i.EXW25QXX_Read                          0x080004e4   Section        0  exw25q128.o(i.EXW25QXX_Read)
    i.EXW25QXX_ReadID                        0x08000534   Section        0  exw25q128.o(i.EXW25QXX_ReadID)
    i.GPIO_Init                              0x0800057c   Section        0  stm32f10x_gpio.o(i.GPIO_Init)
    i.GPIO_PinRemapConfig                    0x08000694   Section        0  stm32f10x_gpio.o(i.GPIO_PinRemapConfig)
    i.GPIO_ReadInputDataBit                  0x08000724   Section        0  stm32f10x_gpio.o(i.GPIO_ReadInputDataBit)
    i.GPIO_ResetBits                         0x08000736   Section        0  stm32f10x_gpio.o(i.GPIO_ResetBits)
    i.GPIO_SetBits                           0x0800073a   Section        0  stm32f10x_gpio.o(i.GPIO_SetBits)
    i.Get_Adc                                0x08000740   Section        0  adc.o(i.Get_Adc)
    i.Get_Adc_Average                        0x08000774   Section        0  adc.o(i.Get_Adc_Average)
    i.Get_Bh_Value                           0x080007a4   Section        0  bh1750.o(i.Get_Bh_Value)
    i.Get_HzMat                              0x08000804   Section        0  text.o(i.Get_HzMat)
    i.HDC1080_Read_Humidi                    0x080008e4   Section        0  hdc.o(i.HDC1080_Read_Humidi)
    i.HDC1080_Read_MBuffer                   0x0800092c   Section        0  hdc.o(i.HDC1080_Read_MBuffer)
    i.HDC1080_Read_Temper                    0x080009c8   Section        0  hdc.o(i.HDC1080_Read_Temper)
    i.HardFault_Handler                      0x08000a2c   Section        0  stm32f10x_it.o(i.HardFault_Handler)
    i.I2C_RecvByte                           0x08000a30   Section        0  iic.o(i.I2C_RecvByte)
    i.I2C_SendACK                            0x08000a90   Section        0  iic.o(i.I2C_SendACK)
    i.I2C_SendByte                           0x08000ad8   Section        0  iic.o(i.I2C_SendByte)
    i.I2C_Start                              0x08000b44   Section        0  iic.o(i.I2C_Start)
    i.I2C_Stop                               0x08000b94   Section        0  iic.o(i.I2C_Stop)
    i.I2C_WaitAck                            0x08000bd4   Section        0  iic.o(i.I2C_WaitAck)
    i.KEY_Init                               0x08000c50   Section        0  key.o(i.KEY_Init)
    i.LCD_Address_Set                        0x08000c7c   Section        0  lcd_init.o(i.LCD_Address_Set)
    i.LCD_Clear                              0x08000cb8   Section        0  show.o(i.LCD_Clear)
    i.LCD_DrawLine                           0x08000cd4   Section        0  lcd.o(i.LCD_DrawLine)
    i.LCD_DrawPoint                          0x08000d80   Section        0  lcd.o(i.LCD_DrawPoint)
    i.LCD_Fill                               0x08000d9c   Section        0  lcd.o(i.LCD_Fill)
    i.LCD_GPIO_Init                          0x08000de8   Section        0  lcd_init.o(i.LCD_GPIO_Init)
    i.LCD_Init                               0x08000e8c   Section        0  lcd_init.o(i.LCD_Init)
    i.LCD_ShowChar                           0x080010b8   Section        0  lcd.o(i.LCD_ShowChar)
    i.LCD_ShowFPicture                       0x08001210   Section        0  pic.o(i.LCD_ShowFPicture)
    i.LCD_ShowFloatNum1                      0x08001294   Section        0  lcd.o(i.LCD_ShowFloatNum1)
    i.LCD_ShowIntNum                         0x08001358   Section        0  lcd.o(i.LCD_ShowIntNum)
    i.LCD_ShowString                         0x080013ee   Section        0  lcd.o(i.LCD_ShowString)
    i.LCD_WR_DATA                            0x08001430   Section        0  lcd_init.o(i.LCD_WR_DATA)
    i.LCD_WR_DATA8                           0x08001442   Section        0  lcd_init.o(i.LCD_WR_DATA8)
    i.LCD_WR_REG                             0x08001450   Section        0  lcd_init.o(i.LCD_WR_REG)
    i.LCD_Writ_Bus                           0x08001470   Section        0  lcd_init.o(i.LCD_Writ_Bus)
    i.LED_Init                               0x080014c8   Section        0  led.o(i.LED_Init)
    i.MapDepotInit                           0x08001500   Section        0  pic.o(i.MapDepotInit)
    i.MemManage_Handler                      0x08001540   Section        0  stm32f10x_it.o(i.MemManage_Handler)
    i.Multiple_Read_BH1750                   0x08001544   Section        0  bh1750.o(i.Multiple_Read_BH1750)
    i.NMI_Handler                            0x08001578   Section        0  stm32f10x_it.o(i.NMI_Handler)
    i.NVIC_PriorityGroupConfig               0x0800157c   Section        0  misc.o(i.NVIC_PriorityGroupConfig)
    i.PendSV_Handler                         0x08001590   Section        0  stm32f10x_it.o(i.PendSV_Handler)
    i.PowerControlIoInit                     0x08001594   Section        0  power.o(i.PowerControlIoInit)
    i.QuerySensorData                        0x08001610   Section        0  sensor.o(i.QuerySensorData)
    i.RCC_APB1PeriphClockCmd                 0x080016a4   Section        0  stm32f10x_rcc.o(i.RCC_APB1PeriphClockCmd)
    i.RCC_APB1PeriphResetCmd                 0x080016c4   Section        0  stm32f10x_rcc.o(i.RCC_APB1PeriphResetCmd)
    i.RCC_APB2PeriphClockCmd                 0x080016e4   Section        0  stm32f10x_rcc.o(i.RCC_APB2PeriphClockCmd)
    i.ReadSensorData                         0x08001704   Section        0  sensor.o(i.ReadSensorData)
    i.SDA_IN                                 0x080018cc   Section        0  iic.o(i.SDA_IN)
    i.SDA_OUT                                0x080018f0   Section        0  iic.o(i.SDA_OUT)
    i.SPI2_Init                              0x08001914   Section        0  spi.o(i.SPI2_Init)
    i.SPI2_ReadWriteByte                     0x080019a4   Section        0  spi.o(i.SPI2_ReadWriteByte)
    i.SPI2_SetSpeed                          0x080019f8   Section        0  spi.o(i.SPI2_SetSpeed)
    i.SPI3_Init                              0x08001a20   Section        0  spi.o(i.SPI3_Init)
    i.SPI3_ReadWriteByte                     0x08001ad0   Section        0  spi.o(i.SPI3_ReadWriteByte)
    i.SPI3_SetSpeed                          0x08001b08   Section        0  spi.o(i.SPI3_SetSpeed)
    i.SPI_Cmd                                0x08001b30   Section        0  stm32f10x_spi.o(i.SPI_Cmd)
    i.SPI_I2S_GetFlagStatus                  0x08001b48   Section        0  stm32f10x_spi.o(i.SPI_I2S_GetFlagStatus)
    i.SPI_I2S_ReceiveData                    0x08001b5a   Section        0  stm32f10x_spi.o(i.SPI_I2S_ReceiveData)
    i.SPI_I2S_SendData                       0x08001b60   Section        0  stm32f10x_spi.o(i.SPI_I2S_SendData)
    i.SPI_Init                               0x08001b64   Section        0  stm32f10x_spi.o(i.SPI_Init)
    i.SVC_Handler                            0x08001ba0   Section        0  stm32f10x_it.o(i.SVC_Handler)
    i.SetSysClock                            0x08001ba2   Section        0  system_stm32f10x.o(i.SetSysClock)
    SetSysClock                              0x08001ba3   Thumb Code     8  system_stm32f10x.o(i.SetSysClock)
    i.SetSysClockTo72                        0x08001bac   Section        0  system_stm32f10x.o(i.SetSysClockTo72)
    SetSysClockTo72                          0x08001bad   Thumb Code   214  system_stm32f10x.o(i.SetSysClockTo72)
    i.Show_Font                              0x08001c8c   Section        0  text.o(i.Show_Font)
    i.Show_Str                               0x08001d54   Section        0  text.o(i.Show_Str)
    i.Show_Welcome                           0x08001e28   Section        0  show.o(i.Show_Welcome)
    i.Single_Write_BH1750                    0x08001f98   Section        0  bh1750.o(i.Single_Write_BH1750)
    i.SysTick_CLKSourceConfig                0x08001fba   Section        0  misc.o(i.SysTick_CLKSourceConfig)
    i.SysTick_Handler                        0x08001fe2   Section        0  stm32f10x_it.o(i.SysTick_Handler)
    i.SystemInit                             0x08001fe4   Section        0  system_stm32f10x.o(i.SystemInit)
    i.TP_Adjust                              0x08002044   Section        0  touch.o(i.TP_Adjust)
    i.TP_Drow_Touch_Point                    0x080026f8   Section        0  touch.o(i.TP_Drow_Touch_Point)
    i.TP_Init                                0x08002770   Section        0  touch.o(i.TP_Init)
    i.TP_Read_AD                             0x08002798   Section        0  touch.o(i.TP_Read_AD)
    i.TP_Read_XOY                            0x08002804   Section        0  touch.o(i.TP_Read_XOY)
    i.TP_Read_XY                             0x0800287c   Section        0  touch.o(i.TP_Read_XY)
    i.TP_Read_XY2                            0x080028ac   Section        0  touch.o(i.TP_Read_XY2)
    i.TP_Scan                                0x08002978   Section        0  touch.o(i.TP_Scan)
    i.TP_Write_Byte                          0x08002a88   Section        0  touch.o(i.TP_Write_Byte)
    i.UART5_IRQHandler                       0x08002a94   Section        0  usart.o(i.UART5_IRQHandler)
    i.USART1_IRQHandler                      0x08002b58   Section        0  usart.o(i.USART1_IRQHandler)
    i.USART2_IRQHandler                      0x08002ba4   Section        0  usart.o(i.USART2_IRQHandler)
    i.USART3_IRQHandler                      0x08002bf0   Section        0  usart.o(i.USART3_IRQHandler)
    i.USART_GetITStatus                      0x08002c14   Section        0  stm32f10x_usart.o(i.USART_GetITStatus)
    i.USART_ITConfig                         0x08002c68   Section        0  stm32f10x_usart.o(i.USART_ITConfig)
    i.USART_ReceiveData                      0x08002cb2   Section        0  stm32f10x_usart.o(i.USART_ReceiveData)
    i.USART_SendDataBuff                     0x08002cbc   Section        0  usart.o(i.USART_SendDataBuff)
    i.UsageFault_Handler                     0x08002cde   Section        0  stm32f10x_it.o(i.UsageFault_Handler)
    i._sys_exit                              0x08002ce2   Section        0  usart.o(i._sys_exit)
    i.delay_1us                              0x08002ce6   Section        0  iic.o(i.delay_1us)
    i.delay_init                             0x08002cf4   Section        0  delay.o(i.delay_init)
    i.delay_ms                               0x08002d38   Section        0  delay.o(i.delay_ms)
    i.delay_us                               0x08002d84   Section        0  delay.o(i.delay_us)
    i.font_init                              0x08002dd0   Section        0  fontupd.o(i.font_init)
    i.main                                   0x08002e10   Section        0  main.o(i.main)
    i.mypow                                  0x08002ffc   Section        0  lcd.o(i.mypow)
    i.sqrt                                   0x08003012   Section        0  sqrt.o(i.sqrt)
    i.uart_receive_input                     0x08003060   Section        0  mcu_api.o(i.uart_receive_input)
    x$fpl$d2f                                0x080030b8   Section       98  d2f.o(x$fpl$d2f)
    x$fpl$dadd                               0x0800311c   Section      336  daddsub_clz.o(x$fpl$dadd)
    _dadd1                                   0x0800312d   Thumb Code     0  daddsub_clz.o(x$fpl$dadd)
    x$fpl$dcmpinf                            0x0800326c   Section       24  dcmpi.o(x$fpl$dcmpinf)
    x$fpl$ddiv                               0x08003284   Section      688  ddiv.o(x$fpl$ddiv)
    ddiv_entry                               0x0800328b   Thumb Code     0  ddiv.o(x$fpl$ddiv)
    x$fpl$dfixu                              0x08003534   Section       90  dfixu.o(x$fpl$dfixu)
    x$fpl$dflt                               0x0800358e   Section       46  dflt_clz.o(x$fpl$dflt)
    x$fpl$dfltu                              0x080035bc   Section       38  dflt_clz.o(x$fpl$dfltu)
    x$fpl$dleqf                              0x080035e4   Section      120  dleqf.o(x$fpl$dleqf)
    x$fpl$dmul                               0x0800365c   Section      340  dmul.o(x$fpl$dmul)
    x$fpl$dnaninf                            0x080037b0   Section      156  dnaninf.o(x$fpl$dnaninf)
    x$fpl$dretinf                            0x0800384c   Section       12  dretinf.o(x$fpl$dretinf)
    x$fpl$drleqf                             0x08003858   Section      108  drleqf.o(x$fpl$drleqf)
    x$fpl$dsqrt                              0x080038c4   Section      460  dsqrt_noumaal.o(x$fpl$dsqrt)
    x$fpl$dsub                               0x08003a90   Section      468  daddsub_clz.o(x$fpl$dsub)
    _dsub1                                   0x08003aa1   Thumb Code     0  daddsub_clz.o(x$fpl$dsub)
    x$fpl$f2d                                0x08003c64   Section       86  f2d.o(x$fpl$f2d)
    x$fpl$fadd                               0x08003cbc   Section      196  faddsub_clz.o(x$fpl$fadd)
    _fadd1                                   0x08003ccb   Thumb Code     0  faddsub_clz.o(x$fpl$fadd)
    x$fpl$fdiv                               0x08003d80   Section      388  fdiv.o(x$fpl$fdiv)
    _fdiv1                                   0x08003d81   Thumb Code     0  fdiv.o(x$fpl$fdiv)
    x$fpl$ffix                               0x08003f04   Section       54  ffix.o(x$fpl$ffix)
    x$fpl$ffixu                              0x08003f3c   Section       62  ffixu.o(x$fpl$ffixu)
    x$fpl$fflt                               0x08003f7c   Section       48  fflt_clz.o(x$fpl$fflt)
    x$fpl$ffltu                              0x08003fac   Section       38  fflt_clz.o(x$fpl$ffltu)
    x$fpl$fmul                               0x08003fd4   Section      258  fmul.o(x$fpl$fmul)
    x$fpl$fnaninf                            0x080040d6   Section      140  fnaninf.o(x$fpl$fnaninf)
    x$fpl$fretinf                            0x08004162   Section       10  fretinf.o(x$fpl$fretinf)
    x$fpl$frsb                               0x0800416c   Section       20  faddsub_clz.o(x$fpl$frsb)
    x$fpl$fsub                               0x08004180   Section      234  faddsub_clz.o(x$fpl$fsub)
    _fsub1                                   0x0800418f   Thumb Code     0  faddsub_clz.o(x$fpl$fsub)
    .constdata                               0x0800426a   Section    14620  lcd.o(.constdata)
    x$fpl$usenofp                            0x0800426a   Section        0  usenofp.o(x$fpl$usenofp)
    .data                                    0x20000000   Section       20  system_stm32f10x.o(.data)
    .data                                    0x20000014   Section        4  delay.o(.data)
    fac_us                                   0x20000014   Data           1  delay.o(.data)
    fac_ms                                   0x20000016   Data           2  delay.o(.data)
    .data                                    0x20000018   Section       18  usart.o(.data)
    .data                                    0x2000002c   Section        8  bh1750.o(.data)
    temp                                     0x20000030   Data           4  bh1750.o(.data)
    .data                                    0x20000034   Section        4  lcd.o(.data)
    .data                                    0x20000038   Section       50  touch.o(.data)
    .data                                    0x2000006a   Section        2  exw25q128.o(.data)
    .data                                    0x2000006c   Section       22  sensor.o(.data)
    .data                                    0x20000084   Section       13  system.o(.data)
    mcu_reset_state                          0x20000090   Data           1  system.o(.data)
    .bss                                     0x20000094   Section       41  usart.o(.bss)
    .bss                                     0x200000c0   Section       52  sensor.o(.bss)
    .bss                                     0x200000f4   Section       33  fontupd.o(.bss)
    .bss                                     0x20000115   Section      681  pic.o(.bss)
    .bss                                     0x200003be   Section      109  system.o(.bss)
    .bss                                     0x2000042c   Section       96  libspace.o(.bss)
    HEAP                                     0x20000490   Section      512  startup_stm32f10x_hd.o(HEAP)
    Heap_Mem                                 0x20000490   Data         512  startup_stm32f10x_hd.o(HEAP)
    STACK                                    0x20000690   Section     1024  startup_stm32f10x_hd.o(STACK)
    Stack_Mem                                0x20000690   Data        1024  startup_stm32f10x_hd.o(STACK)
    __initial_sp                             0x20000a90   Data           0  startup_stm32f10x_hd.o(STACK)

    Global Symbols

    Symbol Name                              Value     Ov Type        Size  Object(Section)

    BuildAttributes$$THM_ISAv4$P$D$K$B$S$PE$A:L22UL41UL21$X:L11$S22US41US21$IEEE1$IW$USESV6$~STKCKD$USESV7$~SHL$OTIME$ROPI$IEEEJ$EBA8$UX$STANDARDLIB$REQ8$PRES8$EABIv2 0x00000000   Number         0  anon$$obj.o ABSOLUTE
    __ARM_use_no_argv                        0x00000000   Number         0  main.o ABSOLUTE
    __ARM_exceptions_init                     - Undefined Weak Reference
    __alloca_initialize                       - Undefined Weak Reference
    __arm_preinit_                            - Undefined Weak Reference
    __cpp_initialize__aeabi_                  - Undefined Weak Reference
    __cxa_finalize                            - Undefined Weak Reference
    __rt_locale                               - Undefined Weak Reference
    __sigvec_lookup                           - Undefined Weak Reference
    _atexit_init                              - Undefined Weak Reference
    _call_atexit_fns                          - Undefined Weak Reference
    _clock_init                               - Undefined Weak Reference
    _fp_trap_init                             - Undefined Weak Reference
    _fp_trap_shutdown                         - Undefined Weak Reference
    _get_lc_collate                           - Undefined Weak Reference
    _get_lc_ctype                             - Undefined Weak Reference
    _get_lc_monetary                          - Undefined Weak Reference
    _get_lc_numeric                           - Undefined Weak Reference
    _get_lc_time                              - Undefined Weak Reference
    _getenv_init                              - Undefined Weak Reference
    _handle_redirection                       - Undefined Weak Reference
    _init_alloc                               - Undefined Weak Reference
    _init_user_alloc                          - Undefined Weak Reference
    _initio                                   - Undefined Weak Reference
    _rand_init                                - Undefined Weak Reference
    _signal_finish                            - Undefined Weak Reference
    _signal_init                              - Undefined Weak Reference
    _terminate_alloc                          - Undefined Weak Reference
    _terminate_user_alloc                     - Undefined Weak Reference
    _terminateio                              - Undefined Weak Reference
    __Vectors_Size                           0x00000130   Number         0  startup_stm32f10x_hd.o ABSOLUTE
    __Vectors                                0x08000000   Data           4  startup_stm32f10x_hd.o(RESET)
    __Vectors_End                            0x08000130   Data           0  startup_stm32f10x_hd.o(RESET)
    __main                                   0x08000131   Thumb Code     8  __main.o(!!!main)
    __scatterload                            0x08000139   Thumb Code     0  __scatter.o(!!!scatter)
    __scatterload_rt2                        0x08000139   Thumb Code    44  __scatter.o(!!!scatter)
    __scatterload_rt2_thumb_only             0x08000139   Thumb Code     0  __scatter.o(!!!scatter)
    __scatterload_null                       0x08000147   Thumb Code     0  __scatter.o(!!!scatter)
    __scatterload_copy                       0x0800016d   Thumb Code    26  __scatter_copy.o(!!handler_copy)
    __scatterload_zeroinit                   0x08000189   Thumb Code    28  __scatter_zi.o(!!handler_zi)
    __rt_lib_init                            0x080001a5   Thumb Code     0  libinit.o(.ARM.Collect$$libinit$$00000000)
    __rt_lib_init_alloca_1                   0x080001a7   Thumb Code     0  libinit2.o(.ARM.Collect$$libinit$$0000002E)
    __rt_lib_init_argv_1                     0x080001a7   Thumb Code     0  libinit2.o(.ARM.Collect$$libinit$$0000002C)
    __rt_lib_init_atexit_1                   0x080001a7   Thumb Code     0  libinit2.o(.ARM.Collect$$libinit$$0000001B)
    __rt_lib_init_clock_1                    0x080001a7   Thumb Code     0  libinit2.o(.ARM.Collect$$libinit$$00000021)
    __rt_lib_init_cpp_1                      0x080001a7   Thumb Code     0  libinit2.o(.ARM.Collect$$libinit$$00000032)
    __rt_lib_init_exceptions_1               0x080001a7   Thumb Code     0  libinit2.o(.ARM.Collect$$libinit$$00000030)
    __rt_lib_init_fp_1                       0x080001a7   Thumb Code     0  libinit2.o(.ARM.Collect$$libinit$$00000002)
    __rt_lib_init_fp_trap_1                  0x080001a7   Thumb Code     0  libinit2.o(.ARM.Collect$$libinit$$0000001F)
    __rt_lib_init_getenv_1                   0x080001a7   Thumb Code     0  libinit2.o(.ARM.Collect$$libinit$$00000023)
    __rt_lib_init_heap_1                     0x080001a7   Thumb Code     0  libinit2.o(.ARM.Collect$$libinit$$0000000A)
    __rt_lib_init_lc_collate_1               0x080001a7   Thumb Code     0  libinit2.o(.ARM.Collect$$libinit$$00000011)
    __rt_lib_init_lc_ctype_1                 0x080001a7   Thumb Code     0  libinit2.o(.ARM.Collect$$libinit$$00000013)
    __rt_lib_init_lc_monetary_1              0x080001a7   Thumb Code     0  libinit2.o(.ARM.Collect$$libinit$$00000015)
    __rt_lib_init_lc_numeric_1               0x080001a7   Thumb Code     0  libinit2.o(.ARM.Collect$$libinit$$00000017)
    __rt_lib_init_lc_time_1                  0x080001a7   Thumb Code     0  libinit2.o(.ARM.Collect$$libinit$$00000019)
    __rt_lib_init_preinit_1                  0x080001a7   Thumb Code     0  libinit2.o(.ARM.Collect$$libinit$$00000004)
    __rt_lib_init_rand_1                     0x080001a7   Thumb Code     0  libinit2.o(.ARM.Collect$$libinit$$0000000E)
    __rt_lib_init_return                     0x080001a7   Thumb Code     0  libinit2.o(.ARM.Collect$$libinit$$00000033)
    __rt_lib_init_signal_1                   0x080001a7   Thumb Code     0  libinit2.o(.ARM.Collect$$libinit$$0000001D)
    __rt_lib_init_stdio_1                    0x080001a7   Thumb Code     0  libinit2.o(.ARM.Collect$$libinit$$00000025)
    __rt_lib_init_user_alloc_1               0x080001a7   Thumb Code     0  libinit2.o(.ARM.Collect$$libinit$$0000000C)
    __rt_lib_shutdown                        0x080001a9   Thumb Code     0  libshutdown.o(.ARM.Collect$$libshutdown$$00000000)
    __rt_lib_shutdown_cpp_1                  0x080001ab   Thumb Code     0  libshutdown2.o(.ARM.Collect$$libshutdown$$00000002)
    __rt_lib_shutdown_fp_trap_1              0x080001ab   Thumb Code     0  libshutdown2.o(.ARM.Collect$$libshutdown$$00000007)
    __rt_lib_shutdown_heap_1                 0x080001ab   Thumb Code     0  libshutdown2.o(.ARM.Collect$$libshutdown$$0000000F)
    __rt_lib_shutdown_return                 0x080001ab   Thumb Code     0  libshutdown2.o(.ARM.Collect$$libshutdown$$00000010)
    __rt_lib_shutdown_signal_1               0x080001ab   Thumb Code     0  libshutdown2.o(.ARM.Collect$$libshutdown$$0000000A)
    __rt_lib_shutdown_stdio_1                0x080001ab   Thumb Code     0  libshutdown2.o(.ARM.Collect$$libshutdown$$00000004)
    __rt_lib_shutdown_user_alloc_1           0x080001ab   Thumb Code     0  libshutdown2.o(.ARM.Collect$$libshutdown$$0000000C)
    __rt_entry                               0x080001ad   Thumb Code     0  __rtentry.o(.ARM.Collect$$rtentry$$00000000)
    __rt_entry_presh_1                       0x080001ad   Thumb Code     0  __rtentry2.o(.ARM.Collect$$rtentry$$00000002)
    __rt_entry_sh                            0x080001ad   Thumb Code     0  __rtentry4.o(.ARM.Collect$$rtentry$$00000004)
    __rt_entry_li                            0x080001b3   Thumb Code     0  __rtentry2.o(.ARM.Collect$$rtentry$$0000000A)
    __rt_entry_postsh_1                      0x080001b3   Thumb Code     0  __rtentry2.o(.ARM.Collect$$rtentry$$00000009)
    __rt_entry_main                          0x080001b7   Thumb Code     0  __rtentry2.o(.ARM.Collect$$rtentry$$0000000D)
    __rt_entry_postli_1                      0x080001b7   Thumb Code     0  __rtentry2.o(.ARM.Collect$$rtentry$$0000000C)
    __rt_exit                                0x080001bf   Thumb Code     0  rtexit.o(.ARM.Collect$$rtexit$$00000000)
    __rt_exit_ls                             0x080001c1   Thumb Code     0  rtexit2.o(.ARM.Collect$$rtexit$$00000003)
    __rt_exit_prels_1                        0x080001c1   Thumb Code     0  rtexit2.o(.ARM.Collect$$rtexit$$00000002)
    __rt_exit_exit                           0x080001c5   Thumb Code     0  rtexit2.o(.ARM.Collect$$rtexit$$00000004)
    Reset_Handler                            0x080001cd   Thumb Code     8  startup_stm32f10x_hd.o(.text)
    ADC1_2_IRQHandler                        0x080001e7   Thumb Code     0  startup_stm32f10x_hd.o(.text)
    ADC3_IRQHandler                          0x080001e7   Thumb Code     0  startup_stm32f10x_hd.o(.text)
    CAN1_RX1_IRQHandler                      0x080001e7   Thumb Code     0  startup_stm32f10x_hd.o(.text)
    CAN1_SCE_IRQHandler                      0x080001e7   Thumb Code     0  startup_stm32f10x_hd.o(.text)
    DMA1_Channel1_IRQHandler                 0x080001e7   Thumb Code     0  startup_stm32f10x_hd.o(.text)
    DMA1_Channel2_IRQHandler                 0x080001e7   Thumb Code     0  startup_stm32f10x_hd.o(.text)
    DMA1_Channel3_IRQHandler                 0x080001e7   Thumb Code     0  startup_stm32f10x_hd.o(.text)
    DMA1_Channel4_IRQHandler                 0x080001e7   Thumb Code     0  startup_stm32f10x_hd.o(.text)
    DMA1_Channel5_IRQHandler                 0x080001e7   Thumb Code     0  startup_stm32f10x_hd.o(.text)
    DMA1_Channel6_IRQHandler                 0x080001e7   Thumb Code     0  startup_stm32f10x_hd.o(.text)
    DMA1_Channel7_IRQHandler                 0x080001e7   Thumb Code     0  startup_stm32f10x_hd.o(.text)
    DMA2_Channel1_IRQHandler                 0x080001e7   Thumb Code     0  startup_stm32f10x_hd.o(.text)
    DMA2_Channel2_IRQHandler                 0x080001e7   Thumb Code     0  startup_stm32f10x_hd.o(.text)
    DMA2_Channel3_IRQHandler                 0x080001e7   Thumb Code     0  startup_stm32f10x_hd.o(.text)
    DMA2_Channel4_5_IRQHandler               0x080001e7   Thumb Code     0  startup_stm32f10x_hd.o(.text)
    EXTI0_IRQHandler                         0x080001e7   Thumb Code     0  startup_stm32f10x_hd.o(.text)
    EXTI15_10_IRQHandler                     0x080001e7   Thumb Code     0  startup_stm32f10x_hd.o(.text)
    EXTI1_IRQHandler                         0x080001e7   Thumb Code     0  startup_stm32f10x_hd.o(.text)
    EXTI2_IRQHandler                         0x080001e7   Thumb Code     0  startup_stm32f10x_hd.o(.text)
    EXTI3_IRQHandler                         0x080001e7   Thumb Code     0  startup_stm32f10x_hd.o(.text)
    EXTI4_IRQHandler                         0x080001e7   Thumb Code     0  startup_stm32f10x_hd.o(.text)
    EXTI9_5_IRQHandler                       0x080001e7   Thumb Code     0  startup_stm32f10x_hd.o(.text)
    FLASH_IRQHandler                         0x080001e7   Thumb Code     0  startup_stm32f10x_hd.o(.text)
    FSMC_IRQHandler                          0x080001e7   Thumb Code     0  startup_stm32f10x_hd.o(.text)
    I2C1_ER_IRQHandler                       0x080001e7   Thumb Code     0  startup_stm32f10x_hd.o(.text)
    I2C1_EV_IRQHandler                       0x080001e7   Thumb Code     0  startup_stm32f10x_hd.o(.text)
    I2C2_ER_IRQHandler                       0x080001e7   Thumb Code     0  startup_stm32f10x_hd.o(.text)
    I2C2_EV_IRQHandler                       0x080001e7   Thumb Code     0  startup_stm32f10x_hd.o(.text)
    PVD_IRQHandler                           0x080001e7   Thumb Code     0  startup_stm32f10x_hd.o(.text)
    RCC_IRQHandler                           0x080001e7   Thumb Code     0  startup_stm32f10x_hd.o(.text)
    RTCAlarm_IRQHandler                      0x080001e7   Thumb Code     0  startup_stm32f10x_hd.o(.text)
    RTC_IRQHandler                           0x080001e7   Thumb Code     0  startup_stm32f10x_hd.o(.text)
    SDIO_IRQHandler                          0x080001e7   Thumb Code     0  startup_stm32f10x_hd.o(.text)
    SPI1_IRQHandler                          0x080001e7   Thumb Code     0  startup_stm32f10x_hd.o(.text)
    SPI2_IRQHandler                          0x080001e7   Thumb Code     0  startup_stm32f10x_hd.o(.text)
    SPI3_IRQHandler                          0x080001e7   Thumb Code     0  startup_stm32f10x_hd.o(.text)
    TAMPER_IRQHandler                        0x080001e7   Thumb Code     0  startup_stm32f10x_hd.o(.text)
    TIM1_BRK_IRQHandler                      0x080001e7   Thumb Code     0  startup_stm32f10x_hd.o(.text)
    TIM1_CC_IRQHandler                       0x080001e7   Thumb Code     0  startup_stm32f10x_hd.o(.text)
    TIM1_TRG_COM_IRQHandler                  0x080001e7   Thumb Code     0  startup_stm32f10x_hd.o(.text)
    TIM1_UP_IRQHandler                       0x080001e7   Thumb Code     0  startup_stm32f10x_hd.o(.text)
    TIM2_IRQHandler                          0x080001e7   Thumb Code     0  startup_stm32f10x_hd.o(.text)
    TIM3_IRQHandler                          0x080001e7   Thumb Code     0  startup_stm32f10x_hd.o(.text)
    TIM4_IRQHandler                          0x080001e7   Thumb Code     0  startup_stm32f10x_hd.o(.text)
    TIM5_IRQHandler                          0x080001e7   Thumb Code     0  startup_stm32f10x_hd.o(.text)
    TIM6_IRQHandler                          0x080001e7   Thumb Code     0  startup_stm32f10x_hd.o(.text)
    TIM7_IRQHandler                          0x080001e7   Thumb Code     0  startup_stm32f10x_hd.o(.text)
    TIM8_BRK_IRQHandler                      0x080001e7   Thumb Code     0  startup_stm32f10x_hd.o(.text)
    TIM8_CC_IRQHandler                       0x080001e7   Thumb Code     0  startup_stm32f10x_hd.o(.text)
    TIM8_TRG_COM_IRQHandler                  0x080001e7   Thumb Code     0  startup_stm32f10x_hd.o(.text)
    TIM8_UP_IRQHandler                       0x080001e7   Thumb Code     0  startup_stm32f10x_hd.o(.text)
    UART4_IRQHandler                         0x080001e7   Thumb Code     0  startup_stm32f10x_hd.o(.text)
    USBWakeUp_IRQHandler                     0x080001e7   Thumb Code     0  startup_stm32f10x_hd.o(.text)
    USB_HP_CAN1_TX_IRQHandler                0x080001e7   Thumb Code     0  startup_stm32f10x_hd.o(.text)
    USB_LP_CAN1_RX0_IRQHandler               0x080001e7   Thumb Code     0  startup_stm32f10x_hd.o(.text)
    WWDG_IRQHandler                          0x080001e7   Thumb Code     0  startup_stm32f10x_hd.o(.text)
    __user_initial_stackheap                 0x080001e9   Thumb Code     0  startup_stm32f10x_hd.o(.text)
    __use_no_semihosting                     0x0800020d   Thumb Code     2  use_no_semi_2.o(.text)
    __use_two_region_memory                  0x0800020f   Thumb Code     2  heapauxi.o(.text)
    __rt_heap_escrow$2region                 0x08000211   Thumb Code     2  heapauxi.o(.text)
    __rt_heap_expand$2region                 0x08000213   Thumb Code     2  heapauxi.o(.text)
    __I$use$semihosting                      0x08000215   Thumb Code     0  use_no_semi.o(.text)
    __use_no_semihosting_swi                 0x08000215   Thumb Code     2  use_no_semi.o(.text)
    __read_errno                             0x08000217   Thumb Code    10  _rserrno.o(.text)
    __set_errno                              0x08000221   Thumb Code    12  _rserrno.o(.text)
    __aeabi_errno_addr                       0x0800022d   Thumb Code     8  rt_errno_addr_intlibspace.o(.text)
    __errno$intlibspace                      0x0800022d   Thumb Code     0  rt_errno_addr_intlibspace.o(.text)
    __rt_errno_addr$intlibspace              0x0800022d   Thumb Code     0  rt_errno_addr_intlibspace.o(.text)
    __user_libspace                          0x08000235   Thumb Code     8  libspace.o(.text)
    __user_perproc_libspace                  0x08000235   Thumb Code     0  libspace.o(.text)
    __user_perthread_libspace                0x08000235   Thumb Code     0  libspace.o(.text)
    __user_setup_stackheap                   0x0800023d   Thumb Code    74  sys_stackheap_outer.o(.text)
    exit                                     0x08000287   Thumb Code    18  exit.o(.text)
    ADC_GetConversionValue                   0x08000299   Thumb Code     8  stm32f10x_adc.o(i.ADC_GetConversionValue)
    ADC_GetFlagStatus                        0x080002a1   Thumb Code    18  stm32f10x_adc.o(i.ADC_GetFlagStatus)
    ADC_RegularChannelConfig                 0x080002b3   Thumb Code   184  stm32f10x_adc.o(i.ADC_RegularChannelConfig)
    ADC_SoftwareStartConvCmd                 0x0800036b   Thumb Code    22  stm32f10x_adc.o(i.ADC_SoftwareStartConvCmd)
    BootOnSyatem                             0x08000381   Thumb Code    70  power.o(i.BootOnSyatem)
    BordHardweardInit                        0x080003d1   Thumb Code    36  bord.o(i.BordHardweardInit)
    BusFault_Handler                         0x080003f5   Thumb Code     4  stm32f10x_it.o(i.BusFault_Handler)
    DebugMon_Handler                         0x080003f9   Thumb Code     2  stm32f10x_it.o(i.DebugMon_Handler)
    Draw_Circle                              0x080003fb   Thumb Code   158  lcd.o(i.Draw_Circle)
    EXW25QXX_Init                            0x08000499   Thumb Code    62  exw25q128.o(i.EXW25QXX_Init)
    EXW25QXX_Read                            0x080004e5   Thumb Code    74  exw25q128.o(i.EXW25QXX_Read)
    EXW25QXX_ReadID                          0x08000535   Thumb Code    64  exw25q128.o(i.EXW25QXX_ReadID)
    GPIO_Init                                0x0800057d   Thumb Code   278  stm32f10x_gpio.o(i.GPIO_Init)
    GPIO_PinRemapConfig                      0x08000695   Thumb Code   138  stm32f10x_gpio.o(i.GPIO_PinRemapConfig)
    GPIO_ReadInputDataBit                    0x08000725   Thumb Code    18  stm32f10x_gpio.o(i.GPIO_ReadInputDataBit)
    GPIO_ResetBits                           0x08000737   Thumb Code     4  stm32f10x_gpio.o(i.GPIO_ResetBits)
    GPIO_SetBits                             0x0800073b   Thumb Code     4  stm32f10x_gpio.o(i.GPIO_SetBits)
    Get_Adc                                  0x08000741   Thumb Code    46  adc.o(i.Get_Adc)
    Get_Adc_Average                          0x08000775   Thumb Code    46  adc.o(i.Get_Adc_Average)
    Get_Bh_Value                             0x080007a5   Thumb Code    82  bh1750.o(i.Get_Bh_Value)
    Get_HzMat                                0x08000805   Thumb Code   220  text.o(i.Get_HzMat)
    HDC1080_Read_Humidi                      0x080008e5   Thumb Code    62  hdc.o(i.HDC1080_Read_Humidi)
    HDC1080_Read_MBuffer                     0x0800092d   Thumb Code   156  hdc.o(i.HDC1080_Read_MBuffer)
    HDC1080_Read_Temper                      0x080009c9   Thumb Code    84  hdc.o(i.HDC1080_Read_Temper)
    HardFault_Handler                        0x08000a2d   Thumb Code     4  stm32f10x_it.o(i.HardFault_Handler)
    I2C_RecvByte                             0x08000a31   Thumb Code    86  iic.o(i.I2C_RecvByte)
    I2C_SendACK                              0x08000a91   Thumb Code    66  iic.o(i.I2C_SendACK)
    I2C_SendByte                             0x08000ad9   Thumb Code   102  iic.o(i.I2C_SendByte)
    I2C_Start                                0x08000b45   Thumb Code    74  iic.o(i.I2C_Start)
    I2C_Stop                                 0x08000b95   Thumb Code    60  iic.o(i.I2C_Stop)
    I2C_WaitAck                              0x08000bd5   Thumb Code   114  iic.o(i.I2C_WaitAck)
    KEY_Init                                 0x08000c51   Thumb Code    40  key.o(i.KEY_Init)
    LCD_Address_Set                          0x08000c7d   Thumb Code    58  lcd_init.o(i.LCD_Address_Set)
    LCD_Clear                                0x08000cb9   Thumb Code    24  show.o(i.LCD_Clear)
    LCD_DrawLine                             0x08000cd5   Thumb Code   172  lcd.o(i.LCD_DrawLine)
    LCD_DrawPoint                            0x08000d81   Thumb Code    28  lcd.o(i.LCD_DrawPoint)
    LCD_Fill                                 0x08000d9d   Thumb Code    74  lcd.o(i.LCD_Fill)
    LCD_GPIO_Init                            0x08000de9   Thumb Code   150  lcd_init.o(i.LCD_GPIO_Init)
    LCD_Init                                 0x08000e8d   Thumb Code   548  lcd_init.o(i.LCD_Init)
    LCD_ShowChar                             0x080010b9   Thumb Code   328  lcd.o(i.LCD_ShowChar)
    LCD_ShowFPicture                         0x08001211   Thumb Code   126  pic.o(i.LCD_ShowFPicture)
    LCD_ShowFloatNum1                        0x08001295   Thumb Code   190  lcd.o(i.LCD_ShowFloatNum1)
    LCD_ShowIntNum                           0x08001359   Thumb Code   150  lcd.o(i.LCD_ShowIntNum)
    LCD_ShowString                           0x080013ef   Thumb Code    66  lcd.o(i.LCD_ShowString)
    LCD_WR_DATA                              0x08001431   Thumb Code    18  lcd_init.o(i.LCD_WR_DATA)
    LCD_WR_DATA8                             0x08001443   Thumb Code    12  lcd_init.o(i.LCD_WR_DATA8)
    LCD_WR_REG                               0x08001451   Thumb Code    28  lcd_init.o(i.LCD_WR_REG)
    LCD_Writ_Bus                             0x08001471   Thumb Code    78  lcd_init.o(i.LCD_Writ_Bus)
    LED_Init                                 0x080014c9   Thumb Code    50  led.o(i.LED_Init)
    MapDepotInit                             0x08001501   Thumb Code    54  pic.o(i.MapDepotInit)
    MemManage_Handler                        0x08001541   Thumb Code     4  stm32f10x_it.o(i.MemManage_Handler)
    Multiple_Read_BH1750                     0x08001545   Thumb Code    48  bh1750.o(i.Multiple_Read_BH1750)
    NMI_Handler                              0x08001579   Thumb Code     2  stm32f10x_it.o(i.NMI_Handler)
    NVIC_PriorityGroupConfig                 0x0800157d   Thumb Code    10  misc.o(i.NVIC_PriorityGroupConfig)
    PendSV_Handler                           0x08001591   Thumb Code     2  stm32f10x_it.o(i.PendSV_Handler)
    PowerControlIoInit                       0x08001595   Thumb Code   116  power.o(i.PowerControlIoInit)
    QuerySensorData                          0x08001611   Thumb Code   122  sensor.o(i.QuerySensorData)
    RCC_APB1PeriphClockCmd                   0x080016a5   Thumb Code    26  stm32f10x_rcc.o(i.RCC_APB1PeriphClockCmd)
    RCC_APB1PeriphResetCmd                   0x080016c5   Thumb Code    26  stm32f10x_rcc.o(i.RCC_APB1PeriphResetCmd)
    RCC_APB2PeriphClockCmd                   0x080016e5   Thumb Code    26  stm32f10x_rcc.o(i.RCC_APB2PeriphClockCmd)
    ReadSensorData                           0x08001705   Thumb Code   420  sensor.o(i.ReadSensorData)
    SDA_IN                                   0x080018cd   Thumb Code    32  iic.o(i.SDA_IN)
    SDA_OUT                                  0x080018f1   Thumb Code    32  iic.o(i.SDA_OUT)
    SPI2_Init                                0x08001915   Thumb Code   134  spi.o(i.SPI2_Init)
    SPI2_ReadWriteByte                       0x080019a5   Thumb Code    78  spi.o(i.SPI2_ReadWriteByte)
    SPI2_SetSpeed                            0x080019f9   Thumb Code    36  spi.o(i.SPI2_SetSpeed)
    SPI3_Init                                0x08001a21   Thumb Code   162  spi.o(i.SPI3_Init)
    SPI3_ReadWriteByte                       0x08001ad1   Thumb Code    50  spi.o(i.SPI3_ReadWriteByte)
    SPI3_SetSpeed                            0x08001b09   Thumb Code    36  spi.o(i.SPI3_SetSpeed)
    SPI_Cmd                                  0x08001b31   Thumb Code    24  stm32f10x_spi.o(i.SPI_Cmd)
    SPI_I2S_GetFlagStatus                    0x08001b49   Thumb Code    18  stm32f10x_spi.o(i.SPI_I2S_GetFlagStatus)
    SPI_I2S_ReceiveData                      0x08001b5b   Thumb Code     6  stm32f10x_spi.o(i.SPI_I2S_ReceiveData)
    SPI_I2S_SendData                         0x08001b61   Thumb Code     4  stm32f10x_spi.o(i.SPI_I2S_SendData)
    SPI_Init                                 0x08001b65   Thumb Code    60  stm32f10x_spi.o(i.SPI_Init)
    SVC_Handler                              0x08001ba1   Thumb Code     2  stm32f10x_it.o(i.SVC_Handler)
    Show_Font                                0x08001c8d   Thumb Code   190  text.o(i.Show_Font)
    Show_Str                                 0x08001d55   Thumb Code   204  text.o(i.Show_Str)
    Show_Welcome                             0x08001e29   Thumb Code   298  show.o(i.Show_Welcome)
    Single_Write_BH1750                      0x08001f99   Thumb Code    34  bh1750.o(i.Single_Write_BH1750)
    SysTick_CLKSourceConfig                  0x08001fbb   Thumb Code    40  misc.o(i.SysTick_CLKSourceConfig)
    SysTick_Handler                          0x08001fe3   Thumb Code     2  stm32f10x_it.o(i.SysTick_Handler)
    SystemInit                               0x08001fe5   Thumb Code    78  system_stm32f10x.o(i.SystemInit)
    TP_Adjust                                0x08002045   Thumb Code  1596  touch.o(i.TP_Adjust)
    TP_Drow_Touch_Point                      0x080026f9   Thumb Code   118  touch.o(i.TP_Drow_Touch_Point)
    TP_Init                                  0x08002771   Thumb Code    26  touch.o(i.TP_Init)
    TP_Read_AD                               0x08002799   Thumb Code    98  touch.o(i.TP_Read_AD)
    TP_Read_XOY                              0x08002805   Thumb Code   120  touch.o(i.TP_Read_XOY)
    TP_Read_XY                               0x0800287d   Thumb Code    38  touch.o(i.TP_Read_XY)
    TP_Read_XY2                              0x080028ad   Thumb Code   204  touch.o(i.TP_Read_XY2)
    TP_Scan                                  0x08002979   Thumb Code   262  touch.o(i.TP_Scan)
    TP_Write_Byte                            0x08002a89   Thumb Code    12  touch.o(i.TP_Write_Byte)
    UART5_IRQHandler                         0x08002a95   Thumb Code   184  usart.o(i.UART5_IRQHandler)
    USART1_IRQHandler                        0x08002b59   Thumb Code    64  usart.o(i.USART1_IRQHandler)
    USART2_IRQHandler                        0x08002ba5   Thumb Code    64  usart.o(i.USART2_IRQHandler)
    USART3_IRQHandler                        0x08002bf1   Thumb Code    30  usart.o(i.USART3_IRQHandler)
    USART_GetITStatus                        0x08002c15   Thumb Code    84  stm32f10x_usart.o(i.USART_GetITStatus)
    USART_ITConfig                           0x08002c69   Thumb Code    74  stm32f10x_usart.o(i.USART_ITConfig)
    USART_ReceiveData                        0x08002cb3   Thumb Code    10  stm32f10x_usart.o(i.USART_ReceiveData)
    USART_SendDataBuff                       0x08002cbd   Thumb Code    34  usart.o(i.USART_SendDataBuff)
    UsageFault_Handler                       0x08002cdf   Thumb Code     4  stm32f10x_it.o(i.UsageFault_Handler)
    _sys_exit                                0x08002ce3   Thumb Code     4  usart.o(i._sys_exit)
    delay_1us                                0x08002ce7   Thumb Code    12  iic.o(i.delay_1us)
    delay_init                               0x08002cf5   Thumb Code    50  delay.o(i.delay_init)
    delay_ms                                 0x08002d39   Thumb Code    72  delay.o(i.delay_ms)
    delay_us                                 0x08002d85   Thumb Code    72  delay.o(i.delay_us)
    font_init                                0x08002dd1   Thumb Code    58  fontupd.o(i.font_init)
    main                                     0x08002e11   Thumb Code   442  main.o(i.main)
    mypow                                    0x08002ffd   Thumb Code    22  lcd.o(i.mypow)
    sqrt                                     0x08003013   Thumb Code    76  sqrt.o(i.sqrt)
    uart_receive_input                       0x08003061   Thumb Code    74  mcu_api.o(i.uart_receive_input)
    __aeabi_d2f                              0x080030b9   Thumb Code     0  d2f.o(x$fpl$d2f)
    _d2f                                     0x080030b9   Thumb Code    98  d2f.o(x$fpl$d2f)
    __aeabi_dadd                             0x0800311d   Thumb Code     0  daddsub_clz.o(x$fpl$dadd)
    _dadd                                    0x0800311d   Thumb Code   332  daddsub_clz.o(x$fpl$dadd)
    __fpl_dcmp_Inf                           0x0800326d   Thumb Code    24  dcmpi.o(x$fpl$dcmpinf)
    __aeabi_ddiv                             0x08003285   Thumb Code     0  ddiv.o(x$fpl$ddiv)
    _ddiv                                    0x08003285   Thumb Code   552  ddiv.o(x$fpl$ddiv)
    __aeabi_d2uiz                            0x08003535   Thumb Code     0  dfixu.o(x$fpl$dfixu)
    _dfixu                                   0x08003535   Thumb Code    90  dfixu.o(x$fpl$dfixu)
    __aeabi_i2d                              0x0800358f   Thumb Code     0  dflt_clz.o(x$fpl$dflt)
    _dflt                                    0x0800358f   Thumb Code    46  dflt_clz.o(x$fpl$dflt)
    __aeabi_ui2d                             0x080035bd   Thumb Code     0  dflt_clz.o(x$fpl$dfltu)
    _dfltu                                   0x080035bd   Thumb Code    38  dflt_clz.o(x$fpl$dfltu)
    __aeabi_cdcmple                          0x080035e5   Thumb Code     0  dleqf.o(x$fpl$dleqf)
    _dcmple                                  0x080035e5   Thumb Code   120  dleqf.o(x$fpl$dleqf)
    __fpl_dcmple_InfNaN                      0x08003647   Thumb Code     0  dleqf.o(x$fpl$dleqf)
    __aeabi_dmul                             0x0800365d   Thumb Code     0  dmul.o(x$fpl$dmul)
    _dmul                                    0x0800365d   Thumb Code   332  dmul.o(x$fpl$dmul)
    __fpl_dnaninf                            0x080037b1   Thumb Code   156  dnaninf.o(x$fpl$dnaninf)
    __fpl_dretinf                            0x0800384d   Thumb Code    12  dretinf.o(x$fpl$dretinf)
    __aeabi_cdrcmple                         0x08003859   Thumb Code     0  drleqf.o(x$fpl$drleqf)
    _drcmple                                 0x08003859   Thumb Code   108  drleqf.o(x$fpl$drleqf)
    _dsqrt                                   0x080038c5   Thumb Code   456  dsqrt_noumaal.o(x$fpl$dsqrt)
    __aeabi_dsub                             0x08003a91   Thumb Code     0  daddsub_clz.o(x$fpl$dsub)
    _dsub                                    0x08003a91   Thumb Code   464  daddsub_clz.o(x$fpl$dsub)
    __aeabi_f2d                              0x08003c65   Thumb Code     0  f2d.o(x$fpl$f2d)
    _f2d                                     0x08003c65   Thumb Code    86  f2d.o(x$fpl$f2d)
    __aeabi_fadd                             0x08003cbd   Thumb Code     0  faddsub_clz.o(x$fpl$fadd)
    _fadd                                    0x08003cbd   Thumb Code   196  faddsub_clz.o(x$fpl$fadd)
    __aeabi_fdiv                             0x08003d81   Thumb Code     0  fdiv.o(x$fpl$fdiv)
    _fdiv                                    0x08003d81   Thumb Code   384  fdiv.o(x$fpl$fdiv)
    __aeabi_f2iz                             0x08003f05   Thumb Code     0  ffix.o(x$fpl$ffix)
    _ffix                                    0x08003f05   Thumb Code    54  ffix.o(x$fpl$ffix)
    __aeabi_f2uiz                            0x08003f3d   Thumb Code     0  ffixu.o(x$fpl$ffixu)
    _ffixu                                   0x08003f3d   Thumb Code    62  ffixu.o(x$fpl$ffixu)
    __aeabi_i2f                              0x08003f7d   Thumb Code     0  fflt_clz.o(x$fpl$fflt)
    _fflt                                    0x08003f7d   Thumb Code    48  fflt_clz.o(x$fpl$fflt)
    __aeabi_ui2f                             0x08003fad   Thumb Code     0  fflt_clz.o(x$fpl$ffltu)
    _ffltu                                   0x08003fad   Thumb Code    38  fflt_clz.o(x$fpl$ffltu)
    __aeabi_fmul                             0x08003fd5   Thumb Code     0  fmul.o(x$fpl$fmul)
    _fmul                                    0x08003fd5   Thumb Code   258  fmul.o(x$fpl$fmul)
    __fpl_fnaninf                            0x080040d7   Thumb Code   140  fnaninf.o(x$fpl$fnaninf)
    __fpl_fretinf                            0x08004163   Thumb Code    10  fretinf.o(x$fpl$fretinf)
    __aeabi_frsub                            0x0800416d   Thumb Code     0  faddsub_clz.o(x$fpl$frsb)
    _frsb                                    0x0800416d   Thumb Code    20  faddsub_clz.o(x$fpl$frsb)
    __aeabi_fsub                             0x08004181   Thumb Code     0  faddsub_clz.o(x$fpl$fsub)
    _fsub                                    0x08004181   Thumb Code   234  faddsub_clz.o(x$fpl$fsub)
    __I$use$fp                               0x0800426a   Number         0  usenofp.o(x$fpl$usenofp)
    ascii_1206                               0x0800426a   Data        1140  lcd.o(.constdata)
    ascii_1608                               0x080046de   Data        1520  lcd.o(.constdata)
    ascii_2412                               0x08004cce   Data        4560  lcd.o(.constdata)
    ascii_3216                               0x08005e9e   Data        6080  lcd.o(.constdata)
    tfont12                                  0x0800765e   Data         130  lcd.o(.constdata)
    tfont16                                  0x080076e0   Data         170  lcd.o(.constdata)
    tfont24                                  0x0800778a   Data         370  lcd.o(.constdata)
    tfont32                                  0x080078fc   Data         650  lcd.o(.constdata)
    Region$$Table$$Base                      0x08007b88   Number         0  anon$$obj.o(Region$$Table)
    Region$$Table$$Limit                     0x08007ba8   Number         0  anon$$obj.o(Region$$Table)
    SystemCoreClock                          0x20000000   Data           4  system_stm32f10x.o(.data)
    AHBPrescTable                            0x20000004   Data          16  system_stm32f10x.o(.data)
    UART5_RX_STA                             0x20000018   Data           2  usart.o(.data)
    USART2_RX_STA                            0x2000001a   Data           2  usart.o(.data)
    CO2ReadDataBuff                          0x2000001c   Data           8  usart.o(.data)
    __stdout                                 0x20000024   Data           4  usart.o(.data)
    USART1_RX_STA                            0x20000028   Data           2  usart.o(.data)
    BUF                                      0x2000002c   Data           4  bh1750.o(.data)
    POINT_COLOR                              0x20000034   Data           2  lcd.o(.data)
    BACK_COLOR                               0x20000036   Data           2  lcd.o(.data)
    tp_dev                                   0x20000038   Data          48  touch.o(.data)
    CMD_RDX                                  0x20000068   Data           1  touch.o(.data)
    CMD_RDY                                  0x20000069   Data           1  touch.o(.data)
    EXW25QXX_TYPE                            0x2000006a   Data           2  exw25q128.o(.data)
    CO2ReadBuff                              0x2000006c   Data           8  sensor.o(.data)
    ReadBuff                                 0x20000074   Data           9  sensor.o(.data)
    adcx                                     0x2000007e   Data           2  sensor.o(.data)
    PMSDataValueUN                           0x20000080   Data           2  sensor.o(.data)
    rx_buf_in                                0x20000084   Data           4  system.o(.data)
    rx_buf_out                               0x20000088   Data           4  system.o(.data)
    stop_update_flag                         0x2000008c   Data           1  system.o(.data)
    reset_wifi_flag                          0x2000008d   Data           1  system.o(.data)
    set_wifimode_flag                        0x2000008e   Data           1  system.o(.data)
    wifi_work_state                          0x2000008f   Data           1  system.o(.data)
    PMSReadDataBuff                          0x20000094   Data          32  usart.o(.bss)
    WZSReadDataBuff                          0x200000b4   Data           9  usart.o(.bss)
    SensorDataStr                            0x200000c0   Data          52  sensor.o(.bss)
    ftinfo                                   0x200000f4   Data          33  fontupd.o(.bss)
    MapDepotStr                              0x20000115   Data          41  pic.o(.bss)
    PicBuff                                  0x2000013e   Data         640  pic.o(.bss)
    wifi_data_process_buf                    0x200003be   Data          31  system.o(.bss)
    wifi_uart_rx_buf                         0x200003dd   Data          23  system.o(.bss)
    wifi_uart_tx_buf                         0x200003f4   Data          55  system.o(.bss)
    __libspace_start                         0x2000042c   Data          96  libspace.o(.bss)
    __temporary_stack_top$libspace           0x2000048c   Data           0  libspace.o(.bss)



==============================================================================

Memory Map of the image

  Image Entry point : 0x08000131

  Load Region LR_IROM1 (Base: 0x08000000, Size: 0x00007c3c, Max: 0x00080000, ABSOLUTE)

    Execution Region ER_IROM1 (Exec base: 0x08000000, Load base: 0x08000000, Size: 0x00007ba8, Max: 0x00080000, ABSOLUTE)

    Exec Addr    Load Addr    Size         Type   Attr      Idx    E Section Name        Object

    0x08000000   0x08000000   0x00000130   Data   RO          199    RESET               startup_stm32f10x_hd.o
    0x08000130   0x08000130   0x00000008   Code   RO         4642  * !!!main             c_w.l(__main.o)
    0x08000138   0x08000138   0x00000034   Code   RO         4881    !!!scatter          c_w.l(__scatter.o)
    0x0800016c   0x0800016c   0x0000001a   Code   RO         4883    !!handler_copy      c_w.l(__scatter_copy.o)
    0x08000186   0x08000186   0x00000002   PAD
    0x08000188   0x08000188   0x0000001c   Code   RO         4885    !!handler_zi        c_w.l(__scatter_zi.o)
    0x080001a4   0x080001a4   0x00000002   Code   RO         4758    .ARM.Collect$$libinit$$00000000  c_w.l(libinit.o)
    0x080001a6   0x080001a6   0x00000000   Code   RO         4762    .ARM.Collect$$libinit$$00000002  c_w.l(libinit2.o)
    0x080001a6   0x080001a6   0x00000000   Code   RO         4764    .ARM.Collect$$libinit$$00000004  c_w.l(libinit2.o)
    0x080001a6   0x080001a6   0x00000000   Code   RO         4767    .ARM.Collect$$libinit$$0000000A  c_w.l(libinit2.o)
    0x080001a6   0x080001a6   0x00000000   Code   RO         4769    .ARM.Collect$$libinit$$0000000C  c_w.l(libinit2.o)
    0x080001a6   0x080001a6   0x00000000   Code   RO         4771    .ARM.Collect$$libinit$$0000000E  c_w.l(libinit2.o)
    0x080001a6   0x080001a6   0x00000000   Code   RO         4774    .ARM.Collect$$libinit$$00000011  c_w.l(libinit2.o)
    0x080001a6   0x080001a6   0x00000000   Code   RO         4776    .ARM.Collect$$libinit$$00000013  c_w.l(libinit2.o)
    0x080001a6   0x080001a6   0x00000000   Code   RO         4778    .ARM.Collect$$libinit$$00000015  c_w.l(libinit2.o)
    0x080001a6   0x080001a6   0x00000000   Code   RO         4780    .ARM.Collect$$libinit$$00000017  c_w.l(libinit2.o)
    0x080001a6   0x080001a6   0x00000000   Code   RO         4782    .ARM.Collect$$libinit$$00000019  c_w.l(libinit2.o)
    0x080001a6   0x080001a6   0x00000000   Code   RO         4784    .ARM.Collect$$libinit$$0000001B  c_w.l(libinit2.o)
    0x080001a6   0x080001a6   0x00000000   Code   RO         4786    .ARM.Collect$$libinit$$0000001D  c_w.l(libinit2.o)
    0x080001a6   0x080001a6   0x00000000   Code   RO         4788    .ARM.Collect$$libinit$$0000001F  c_w.l(libinit2.o)
    0x080001a6   0x080001a6   0x00000000   Code   RO         4790    .ARM.Collect$$libinit$$00000021  c_w.l(libinit2.o)
    0x080001a6   0x080001a6   0x00000000   Code   RO         4792    .ARM.Collect$$libinit$$00000023  c_w.l(libinit2.o)
    0x080001a6   0x080001a6   0x00000000   Code   RO         4794    .ARM.Collect$$libinit$$00000025  c_w.l(libinit2.o)
    0x080001a6   0x080001a6   0x00000000   Code   RO         4798    .ARM.Collect$$libinit$$0000002C  c_w.l(libinit2.o)
    0x080001a6   0x080001a6   0x00000000   Code   RO         4800    .ARM.Collect$$libinit$$0000002E  c_w.l(libinit2.o)
    0x080001a6   0x080001a6   0x00000000   Code   RO         4802    .ARM.Collect$$libinit$$00000030  c_w.l(libinit2.o)
    0x080001a6   0x080001a6   0x00000000   Code   RO         4804    .ARM.Collect$$libinit$$00000032  c_w.l(libinit2.o)
    0x080001a6   0x080001a6   0x00000002   Code   RO         4805    .ARM.Collect$$libinit$$00000033  c_w.l(libinit2.o)
    0x080001a8   0x080001a8   0x00000002   Code   RO         4823    .ARM.Collect$$libshutdown$$00000000  c_w.l(libshutdown.o)
    0x080001aa   0x080001aa   0x00000000   Code   RO         4833    .ARM.Collect$$libshutdown$$00000002  c_w.l(libshutdown2.o)
    0x080001aa   0x080001aa   0x00000000   Code   RO         4835    .ARM.Collect$$libshutdown$$00000004  c_w.l(libshutdown2.o)
    0x080001aa   0x080001aa   0x00000000   Code   RO         4838    .ARM.Collect$$libshutdown$$00000007  c_w.l(libshutdown2.o)
    0x080001aa   0x080001aa   0x00000000   Code   RO         4841    .ARM.Collect$$libshutdown$$0000000A  c_w.l(libshutdown2.o)
    0x080001aa   0x080001aa   0x00000000   Code   RO         4843    .ARM.Collect$$libshutdown$$0000000C  c_w.l(libshutdown2.o)
    0x080001aa   0x080001aa   0x00000000   Code   RO         4846    .ARM.Collect$$libshutdown$$0000000F  c_w.l(libshutdown2.o)
    0x080001aa   0x080001aa   0x00000002   Code   RO         4847    .ARM.Collect$$libshutdown$$00000010  c_w.l(libshutdown2.o)
    0x080001ac   0x080001ac   0x00000000   Code   RO         4710    .ARM.Collect$$rtentry$$00000000  c_w.l(__rtentry.o)
    0x080001ac   0x080001ac   0x00000000   Code   RO         4727    .ARM.Collect$$rtentry$$00000002  c_w.l(__rtentry2.o)
    0x080001ac   0x080001ac   0x00000006   Code   RO         4739    .ARM.Collect$$rtentry$$00000004  c_w.l(__rtentry4.o)
    0x080001b2   0x080001b2   0x00000000   Code   RO         4729    .ARM.Collect$$rtentry$$00000009  c_w.l(__rtentry2.o)
    0x080001b2   0x080001b2   0x00000004   Code   RO         4730    .ARM.Collect$$rtentry$$0000000A  c_w.l(__rtentry2.o)
    0x080001b6   0x080001b6   0x00000000   Code   RO         4732    .ARM.Collect$$rtentry$$0000000C  c_w.l(__rtentry2.o)
    0x080001b6   0x080001b6   0x00000008   Code   RO         4733    .ARM.Collect$$rtentry$$0000000D  c_w.l(__rtentry2.o)
    0x080001be   0x080001be   0x00000002   Code   RO         4759    .ARM.Collect$$rtexit$$00000000  c_w.l(rtexit.o)
    0x080001c0   0x080001c0   0x00000000   Code   RO         4807    .ARM.Collect$$rtexit$$00000002  c_w.l(rtexit2.o)
    0x080001c0   0x080001c0   0x00000004   Code   RO         4808    .ARM.Collect$$rtexit$$00000003  c_w.l(rtexit2.o)
    0x080001c4   0x080001c4   0x00000006   Code   RO         4809    .ARM.Collect$$rtexit$$00000004  c_w.l(rtexit2.o)
    0x080001ca   0x080001ca   0x00000002   PAD
    0x080001cc   0x080001cc   0x00000040   Code   RO          200    .text               startup_stm32f10x_hd.o
    0x0800020c   0x0800020c   0x00000002   Code   RO         4636    .text               c_w.l(use_no_semi_2.o)
    0x0800020e   0x0800020e   0x00000006   Code   RO         4640    .text               c_w.l(heapauxi.o)
    0x08000214   0x08000214   0x00000002   Code   RO         4708    .text               c_w.l(use_no_semi.o)
    0x08000216   0x08000216   0x00000016   Code   RO         4711    .text               c_w.l(_rserrno.o)
    0x0800022c   0x0800022c   0x00000008   Code   RO         4744    .text               c_w.l(rt_errno_addr_intlibspace.o)
    0x08000234   0x08000234   0x00000008   Code   RO         4746    .text               c_w.l(libspace.o)
    0x0800023c   0x0800023c   0x0000004a   Code   RO         4749    .text               c_w.l(sys_stackheap_outer.o)
    0x08000286   0x08000286   0x00000012   Code   RO         4751    .text               c_w.l(exit.o)
    0x08000298   0x08000298   0x00000008   Code   RO          255    i.ADC_GetConversionValue  stm32f10x_adc.o
    0x080002a0   0x080002a0   0x00000012   Code   RO          257    i.ADC_GetFlagStatus  stm32f10x_adc.o
    0x080002b2   0x080002b2   0x000000b8   Code   RO          268    i.ADC_RegularChannelConfig  stm32f10x_adc.o
    0x0800036a   0x0800036a   0x00000016   Code   RO          271    i.ADC_SoftwareStartConvCmd  stm32f10x_adc.o
    0x08000380   0x08000380   0x00000050   Code   RO         3570    i.BootOnSyatem      power.o
    0x080003d0   0x080003d0   0x00000024   Code   RO         4587    i.BordHardweardInit  bord.o
    0x080003f4   0x080003f4   0x00000004   Code   RO            1    i.BusFault_Handler  stm32f10x_it.o
    0x080003f8   0x080003f8   0x00000002   Code   RO            2    i.DebugMon_Handler  stm32f10x_it.o
    0x080003fa   0x080003fa   0x0000009e   Code   RO         3708    i.Draw_Circle       lcd.o
    0x08000498   0x08000498   0x0000004c   Code   RO         3945    i.EXW25QXX_Init     exw25q128.o
    0x080004e4   0x080004e4   0x00000050   Code   RO         3947    i.EXW25QXX_Read     exw25q128.o
    0x08000534   0x08000534   0x00000048   Code   RO         3948    i.EXW25QXX_ReadID   exw25q128.o
    0x0800057c   0x0800057c   0x00000116   Code   RO         1355    i.GPIO_Init         stm32f10x_gpio.o
    0x08000692   0x08000692   0x00000002   PAD
    0x08000694   0x08000694   0x00000090   Code   RO         1357    i.GPIO_PinRemapConfig  stm32f10x_gpio.o
    0x08000724   0x08000724   0x00000012   Code   RO         1359    i.GPIO_ReadInputDataBit  stm32f10x_gpio.o
    0x08000736   0x08000736   0x00000004   Code   RO         1362    i.GPIO_ResetBits    stm32f10x_gpio.o
    0x0800073a   0x0800073a   0x00000004   Code   RO         1363    i.GPIO_SetBits      stm32f10x_gpio.o
    0x0800073e   0x0800073e   0x00000002   PAD
    0x08000740   0x08000740   0x00000034   Code   RO         3439    i.Get_Adc           adc.o
    0x08000774   0x08000774   0x0000002e   Code   RO         3440    i.Get_Adc_Average   adc.o
    0x080007a2   0x080007a2   0x00000002   PAD
    0x080007a4   0x080007a4   0x00000060   Code   RO         3673    i.Get_Bh_Value      bh1750.o
    0x08000804   0x08000804   0x000000e0   Code   RO         4131    i.Get_HzMat         text.o
    0x080008e4   0x080008e4   0x00000048   Code   RO         3595    i.HDC1080_Read_Humidi  hdc.o
    0x0800092c   0x0800092c   0x0000009c   Code   RO         3596    i.HDC1080_Read_MBuffer  hdc.o
    0x080009c8   0x080009c8   0x00000064   Code   RO         3598    i.HDC1080_Read_Temper  hdc.o
    0x08000a2c   0x08000a2c   0x00000004   Code   RO            3    i.HardFault_Handler  stm32f10x_it.o
    0x08000a30   0x08000a30   0x00000060   Code   RO         3340    i.I2C_RecvByte      iic.o
    0x08000a90   0x08000a90   0x00000048   Code   RO         3341    i.I2C_SendACK       iic.o
    0x08000ad8   0x08000ad8   0x0000006c   Code   RO         3342    i.I2C_SendByte      iic.o
    0x08000b44   0x08000b44   0x00000050   Code   RO         3343    i.I2C_Start         iic.o
    0x08000b94   0x08000b94   0x00000040   Code   RO         3344    i.I2C_Stop          iic.o
    0x08000bd4   0x08000bd4   0x0000007c   Code   RO         3345    i.I2C_WaitAck       iic.o
    0x08000c50   0x08000c50   0x0000002c   Code   RO         3549    i.KEY_Init          key.o
    0x08000c7c   0x08000c7c   0x0000003a   Code   RO         3806    i.LCD_Address_Set   lcd_init.o
    0x08000cb6   0x08000cb6   0x00000002   PAD
    0x08000cb8   0x08000cb8   0x0000001c   Code   RO         4542    i.LCD_Clear         show.o
    0x08000cd4   0x08000cd4   0x000000ac   Code   RO         3709    i.LCD_DrawLine      lcd.o
    0x08000d80   0x08000d80   0x0000001c   Code   RO         3710    i.LCD_DrawPoint     lcd.o
    0x08000d9c   0x08000d9c   0x0000004a   Code   RO         3712    i.LCD_Fill          lcd.o
    0x08000de6   0x08000de6   0x00000002   PAD
    0x08000de8   0x08000de8   0x000000a4   Code   RO         3807    i.LCD_GPIO_Init     lcd_init.o
    0x08000e8c   0x08000e8c   0x0000022c   Code   RO         3808    i.LCD_Init          lcd_init.o
    0x080010b8   0x080010b8   0x00000158   Code   RO         3713    i.LCD_ShowChar      lcd.o
    0x08001210   0x08001210   0x00000084   Code   RO         4176    i.LCD_ShowFPicture  pic.o
    0x08001294   0x08001294   0x000000c4   Code   RO         3715    i.LCD_ShowFloatNum1  lcd.o
    0x08001358   0x08001358   0x00000096   Code   RO         3717    i.LCD_ShowIntNum    lcd.o
    0x080013ee   0x080013ee   0x00000042   Code   RO         3719    i.LCD_ShowString    lcd.o
    0x08001430   0x08001430   0x00000012   Code   RO         3809    i.LCD_WR_DATA       lcd_init.o
    0x08001442   0x08001442   0x0000000c   Code   RO         3810    i.LCD_WR_DATA8      lcd_init.o
    0x0800144e   0x0800144e   0x00000002   PAD
    0x08001450   0x08001450   0x00000020   Code   RO         3811    i.LCD_WR_REG        lcd_init.o
    0x08001470   0x08001470   0x00000058   Code   RO         3812    i.LCD_Writ_Bus      lcd_init.o
    0x080014c8   0x080014c8   0x00000038   Code   RO         3537    i.LED_Init          led.o
    0x08001500   0x08001500   0x00000040   Code   RO         4177    i.MapDepotInit      pic.o
    0x08001540   0x08001540   0x00000004   Code   RO            4    i.MemManage_Handler  stm32f10x_it.o
    0x08001544   0x08001544   0x00000034   Code   RO         3674    i.Multiple_Read_BH1750  bh1750.o
    0x08001578   0x08001578   0x00000002   Code   RO            5    i.NMI_Handler       stm32f10x_it.o
    0x0800157a   0x0800157a   0x00000002   PAD
    0x0800157c   0x0800157c   0x00000014   Code   RO          205    i.NVIC_PriorityGroupConfig  misc.o
    0x08001590   0x08001590   0x00000002   Code   RO            6    i.PendSV_Handler    stm32f10x_it.o
    0x08001592   0x08001592   0x00000002   PAD
    0x08001594   0x08001594   0x0000007c   Code   RO         3571    i.PowerControlIoInit  power.o
    0x08001610   0x08001610   0x00000094   Code   RO         4061    i.QuerySensorData   sensor.o
    0x080016a4   0x080016a4   0x00000020   Code   RO         1771    i.RCC_APB1PeriphClockCmd  stm32f10x_rcc.o
    0x080016c4   0x080016c4   0x00000020   Code   RO         1772    i.RCC_APB1PeriphResetCmd  stm32f10x_rcc.o
    0x080016e4   0x080016e4   0x00000020   Code   RO         1773    i.RCC_APB2PeriphClockCmd  stm32f10x_rcc.o
    0x08001704   0x08001704   0x000001c8   Code   RO         4062    i.ReadSensorData    sensor.o
    0x080018cc   0x080018cc   0x00000024   Code   RO         3346    i.SDA_IN            iic.o
    0x080018f0   0x080018f0   0x00000024   Code   RO         3347    i.SDA_OUT           iic.o
    0x08001914   0x08001914   0x00000090   Code   RO         3492    i.SPI2_Init         spi.o
    0x080019a4   0x080019a4   0x00000054   Code   RO         3493    i.SPI2_ReadWriteByte  spi.o
    0x080019f8   0x080019f8   0x00000028   Code   RO         3494    i.SPI2_SetSpeed     spi.o
    0x08001a20   0x08001a20   0x000000b0   Code   RO         3495    i.SPI3_Init         spi.o
    0x08001ad0   0x08001ad0   0x00000038   Code   RO         3496    i.SPI3_ReadWriteByte  spi.o
    0x08001b08   0x08001b08   0x00000028   Code   RO         3497    i.SPI3_SetSpeed     spi.o
    0x08001b30   0x08001b30   0x00000018   Code   RO         2250    i.SPI_Cmd           stm32f10x_spi.o
    0x08001b48   0x08001b48   0x00000012   Code   RO         2258    i.SPI_I2S_GetFlagStatus  stm32f10x_spi.o
    0x08001b5a   0x08001b5a   0x00000006   Code   RO         2261    i.SPI_I2S_ReceiveData  stm32f10x_spi.o
    0x08001b60   0x08001b60   0x00000004   Code   RO         2262    i.SPI_I2S_SendData  stm32f10x_spi.o
    0x08001b64   0x08001b64   0x0000003c   Code   RO         2263    i.SPI_Init          stm32f10x_spi.o
    0x08001ba0   0x08001ba0   0x00000002   Code   RO            7    i.SVC_Handler       stm32f10x_it.o
    0x08001ba2   0x08001ba2   0x00000008   Code   RO          152    i.SetSysClock       system_stm32f10x.o
    0x08001baa   0x08001baa   0x00000002   PAD
    0x08001bac   0x08001bac   0x000000e0   Code   RO          153    i.SetSysClockTo72   system_stm32f10x.o
    0x08001c8c   0x08001c8c   0x000000c8   Code   RO         4132    i.Show_Font         text.o
    0x08001d54   0x08001d54   0x000000d4   Code   RO         4133    i.Show_Str          text.o
    0x08001e28   0x08001e28   0x00000170   Code   RO         4546    i.Show_Welcome      show.o
    0x08001f98   0x08001f98   0x00000022   Code   RO         3675    i.Single_Write_BH1750  bh1750.o
    0x08001fba   0x08001fba   0x00000028   Code   RO          208    i.SysTick_CLKSourceConfig  misc.o
    0x08001fe2   0x08001fe2   0x00000002   Code   RO            8    i.SysTick_Handler   stm32f10x_it.o
    0x08001fe4   0x08001fe4   0x00000060   Code   RO          155    i.SystemInit        system_stm32f10x.o
    0x08002044   0x08002044   0x000006b4   Code   RO         3855    i.TP_Adjust         touch.o
    0x080026f8   0x080026f8   0x00000076   Code   RO         3857    i.TP_Drow_Touch_Point  touch.o
    0x0800276e   0x0800276e   0x00000002   PAD
    0x08002770   0x08002770   0x00000028   Code   RO         3858    i.TP_Init           touch.o
    0x08002798   0x08002798   0x0000006c   Code   RO         3859    i.TP_Read_AD        touch.o
    0x08002804   0x08002804   0x00000078   Code   RO         3860    i.TP_Read_XOY       touch.o
    0x0800287c   0x0800287c   0x00000030   Code   RO         3861    i.TP_Read_XY        touch.o
    0x080028ac   0x080028ac   0x000000cc   Code   RO         3862    i.TP_Read_XY2       touch.o
    0x08002978   0x08002978   0x00000110   Code   RO         3863    i.TP_Scan           touch.o
    0x08002a88   0x08002a88   0x0000000c   Code   RO         3864    i.TP_Write_Byte     touch.o
    0x08002a94   0x08002a94   0x000000c4   Code   RO         3231    i.UART5_IRQHandler  usart.o
    0x08002b58   0x08002b58   0x0000004c   Code   RO         3233    i.USART1_IRQHandler  usart.o
    0x08002ba4   0x08002ba4   0x0000004c   Code   RO         3234    i.USART2_IRQHandler  usart.o
    0x08002bf0   0x08002bf0   0x00000024   Code   RO         3236    i.USART3_IRQHandler  usart.o
    0x08002c14   0x08002c14   0x00000054   Code   RO         2945    i.USART_GetITStatus  stm32f10x_usart.o
    0x08002c68   0x08002c68   0x0000004a   Code   RO         2947    i.USART_ITConfig    stm32f10x_usart.o
    0x08002cb2   0x08002cb2   0x0000000a   Code   RO         2955    i.USART_ReceiveData  stm32f10x_usart.o
    0x08002cbc   0x08002cbc   0x00000022   Code   RO         3237    i.USART_SendDataBuff  usart.o
    0x08002cde   0x08002cde   0x00000004   Code   RO            9    i.UsageFault_Handler  stm32f10x_it.o
    0x08002ce2   0x08002ce2   0x00000004   Code   RO         3238    i._sys_exit         usart.o
    0x08002ce6   0x08002ce6   0x0000000c   Code   RO         3351    i.delay_1us         iic.o
    0x08002cf2   0x08002cf2   0x00000002   PAD
    0x08002cf4   0x08002cf4   0x00000044   Code   RO         3202    i.delay_init        delay.o
    0x08002d38   0x08002d38   0x0000004c   Code   RO         3203    i.delay_ms          delay.o
    0x08002d84   0x08002d84   0x0000004c   Code   RO         3204    i.delay_us          delay.o
    0x08002dd0   0x08002dd0   0x00000040   Code   RO         4108    i.font_init         fontupd.o
    0x08002e10   0x08002e10   0x000001ec   Code   RO         4618    i.main              main.o
    0x08002ffc   0x08002ffc   0x00000016   Code   RO         3720    i.mypow             lcd.o
    0x08003012   0x08003012   0x0000004c   Code   RO         4701    i.sqrt              m_ws.l(sqrt.o)
    0x0800305e   0x0800305e   0x00000002   PAD
    0x08003060   0x08003060   0x00000058   Code   RO         4240    i.uart_receive_input  mcu_api.o
    0x080030b8   0x080030b8   0x00000062   Code   RO         4644    x$fpl$d2f           fz_ws.l(d2f.o)
    0x0800311a   0x0800311a   0x00000002   PAD
    0x0800311c   0x0800311c   0x00000150   Code   RO         4646    x$fpl$dadd          fz_ws.l(daddsub_clz.o)
    0x0800326c   0x0800326c   0x00000018   Code   RO         4713    x$fpl$dcmpinf       fz_ws.l(dcmpi.o)
    0x08003284   0x08003284   0x000002b0   Code   RO         4653    x$fpl$ddiv          fz_ws.l(ddiv.o)
    0x08003534   0x08003534   0x0000005a   Code   RO         4656    x$fpl$dfixu         fz_ws.l(dfixu.o)
    0x0800358e   0x0800358e   0x0000002e   Code   RO         4661    x$fpl$dflt          fz_ws.l(dflt_clz.o)
    0x080035bc   0x080035bc   0x00000026   Code   RO         4660    x$fpl$dfltu         fz_ws.l(dflt_clz.o)
    0x080035e2   0x080035e2   0x00000002   PAD
    0x080035e4   0x080035e4   0x00000078   Code   RO         4666    x$fpl$dleqf         fz_ws.l(dleqf.o)
    0x0800365c   0x0800365c   0x00000154   Code   RO         4668    x$fpl$dmul          fz_ws.l(dmul.o)
    0x080037b0   0x080037b0   0x0000009c   Code   RO         4715    x$fpl$dnaninf       fz_ws.l(dnaninf.o)
    0x0800384c   0x0800384c   0x0000000c   Code   RO         4717    x$fpl$dretinf       fz_ws.l(dretinf.o)
    0x08003858   0x08003858   0x0000006c   Code   RO         4670    x$fpl$drleqf        fz_ws.l(drleqf.o)
    0x080038c4   0x080038c4   0x000001cc   Code   RO         4719    x$fpl$dsqrt         fz_ws.l(dsqrt_noumaal.o)
    0x08003a90   0x08003a90   0x000001d4   Code   RO         4648    x$fpl$dsub          fz_ws.l(daddsub_clz.o)
    0x08003c64   0x08003c64   0x00000056   Code   RO         4672    x$fpl$f2d           fz_ws.l(f2d.o)
    0x08003cba   0x08003cba   0x00000002   PAD
    0x08003cbc   0x08003cbc   0x000000c4   Code   RO         4674    x$fpl$fadd          fz_ws.l(faddsub_clz.o)
    0x08003d80   0x08003d80   0x00000184   Code   RO         4681    x$fpl$fdiv          fz_ws.l(fdiv.o)
    0x08003f04   0x08003f04   0x00000036   Code   RO         4684    x$fpl$ffix          fz_ws.l(ffix.o)
    0x08003f3a   0x08003f3a   0x00000002   PAD
    0x08003f3c   0x08003f3c   0x0000003e   Code   RO         4688    x$fpl$ffixu         fz_ws.l(ffixu.o)
    0x08003f7a   0x08003f7a   0x00000002   PAD
    0x08003f7c   0x08003f7c   0x00000030   Code   RO         4693    x$fpl$fflt          fz_ws.l(fflt_clz.o)
    0x08003fac   0x08003fac   0x00000026   Code   RO         4692    x$fpl$ffltu         fz_ws.l(fflt_clz.o)
    0x08003fd2   0x08003fd2   0x00000002   PAD
    0x08003fd4   0x08003fd4   0x00000102   Code   RO         4698    x$fpl$fmul          fz_ws.l(fmul.o)
    0x080040d6   0x080040d6   0x0000008c   Code   RO         4721    x$fpl$fnaninf       fz_ws.l(fnaninf.o)
    0x08004162   0x08004162   0x0000000a   Code   RO         4723    x$fpl$fretinf       fz_ws.l(fretinf.o)
    0x0800416c   0x0800416c   0x00000014   Code   RO         4675    x$fpl$frsb          fz_ws.l(faddsub_clz.o)
    0x08004180   0x08004180   0x000000ea   Code   RO         4676    x$fpl$fsub          fz_ws.l(faddsub_clz.o)
    0x0800426a   0x0800426a   0x00000000   Code   RO         4725    x$fpl$usenofp       fz_ws.l(usenofp.o)
    0x0800426a   0x0800426a   0x0000391c   Data   RO         3722    .constdata          lcd.o
    0x08007b86   0x08007b86   0x00000002   PAD
    0x08007b88   0x08007b88   0x00000020   Data   RO         4879    Region$$Table       anon$$obj.o


    Execution Region RW_IRAM1 (Exec base: 0x20000000, Load base: 0x08007ba8, Size: 0x00000a90, Max: 0x00010000, ABSOLUTE)

    Exec Addr    Load Addr    Size         Type   Attr      Idx    E Section Name        Object

    0x20000000   0x08007ba8   0x00000014   Data   RW          156    .data               system_stm32f10x.o
    0x20000014   0x08007bbc   0x00000004   Data   RW         3205    .data               delay.o
    0x20000018   0x08007bc0   0x00000012   Data   RW         3244    .data               usart.o
    0x2000002a   0x08007bd2   0x00000002   PAD
    0x2000002c   0x08007bd4   0x00000008   Data   RW         3676    .data               bh1750.o
    0x20000034   0x08007bdc   0x00000004   Data   RW         3723    .data               lcd.o
    0x20000038   0x08007be0   0x00000032   Data   RW         3865    .data               touch.o
    0x2000006a   0x08007c12   0x00000002   Data   RW         3959    .data               exw25q128.o
    0x2000006c   0x08007c14   0x00000016   Data   RW         4067    .data               sensor.o
    0x20000082   0x08007c2a   0x00000002   PAD
    0x20000084   0x08007c2c   0x0000000d   Data   RW         4470    .data               system.o
    0x20000091   0x08007c39   0x00000003   PAD
    0x20000094        -       0x00000029   Zero   RW         3243    .bss                usart.o
    0x200000bd   0x08007c39   0x00000003   PAD
    0x200000c0        -       0x00000034   Zero   RW         4066    .bss                sensor.o
    0x200000f4        -       0x00000021   Zero   RW         4109    .bss                fontupd.o
    0x20000115        -       0x000002a9   Zero   RW         4179    .bss                pic.o
    0x200003be        -       0x0000006d   Zero   RW         4469    .bss                system.o
    0x2000042b   0x08007c39   0x00000001   PAD
    0x2000042c        -       0x00000060   Zero   RW         4747    .bss                c_w.l(libspace.o)
    0x2000048c   0x08007c39   0x00000004   PAD
    0x20000490        -       0x00000200   Zero   RW          198    HEAP                startup_stm32f10x_hd.o
    0x20000690        -       0x00000400   Zero   RW          197    STACK               startup_stm32f10x_hd.o


==============================================================================

Image component sizes


      Code (inc. data)   RO Data    RW Data    ZI Data      Debug   Object Name

        98          6          0          0          0       1164   adc.o
       182         18          0          8          0       2426   bh1750.o
        36          0          0          0          0        484   bord.o
         0          0          0          0          0         32   core_cm3.o
       220         26          0          4          0       1727   delay.o
       228         28          0          2          0       2554   exw25q128.o
        64          6          0          0         33       1372   fontupd.o
       328         26          0          0          0       2327   hdc.o
       628         50          0          0          0       4712   iic.o
        44          4          0          0          0        487   key.o
      1210         22      14620          4          0       9897   lcd.o
       928         36          0          0          0       4206   lcd_init.o
        56          6          0          0          0        491   led.o
       492         50          0          0          0        699   main.o
        88         14          0          0          0        549   mcu_api.o
        60         10          0          0          0        993   misc.o
       196         16          0          0        681       2700   pic.o
       204         18          0          0          0       1048   power.o
       604         62          0         22         52       3652   sensor.o
       396         74          0          0          0        975   show.o
       540         44          0          0          0       3478   spi.o
        64         26        304          0       1536        804   startup_stm32f10x_hd.o
       232          0          0          0          0       4539   stm32f10x_adc.o
       448          6          0          0          0       4370   stm32f10x_gpio.o
        26          0          0          0          0     241874   stm32f10x_it.o
        96         18          0          0          0       1647   stm32f10x_rcc.o
       112          0          0          0          0       3702   stm32f10x_spi.o
       168          0          0          0          0       3489   stm32f10x_usart.o
         0          0          0         13        109       2590   system.o
       328         28          0         20          0       2181   system_stm32f10x.o
       636         22          0          0          0       3575   text.o
      2638        276          0         50          0       7621   touch.o
       422         42          0         18         41       5503   usart.o

    ----------------------------------------------------------------------
     11794        934      14958        148       2456     327868   Object Totals
         0          0         32          0          0          0   (incl. Generated)
        22          0          2          7          4          0   (incl. Padding)

    ----------------------------------------------------------------------

      Code (inc. data)   RO Data    RW Data    ZI Data      Debug   Library Member Name

         8          0          0          0          0         68   __main.o
         0          0          0          0          0          0   __rtentry.o
        12          0          0          0          0          0   __rtentry2.o
         6          0          0          0          0          0   __rtentry4.o
        52          8          0          0          0          0   __scatter.o
        26          0          0          0          0          0   __scatter_copy.o
        28          0          0          0          0          0   __scatter_zi.o
        22          0          0          0          0        100   _rserrno.o
        18          0          0          0          0         80   exit.o
         6          0          0          0          0        152   heapauxi.o
         2          0          0          0          0          0   libinit.o
         2          0          0          0          0          0   libinit2.o
         2          0          0          0          0          0   libshutdown.o
         2          0          0          0          0          0   libshutdown2.o
         8          4          0          0         96         68   libspace.o
         8          4          0          0          0         68   rt_errno_addr_intlibspace.o
         2          0          0          0          0          0   rtexit.o
        10          0          0          0          0          0   rtexit2.o
        74          0          0          0          0         80   sys_stackheap_outer.o
         2          0          0          0          0         68   use_no_semi.o
         2          0          0          0          0         68   use_no_semi_2.o
        98          4          0          0          0         92   d2f.o
       804         16          0          0          0        272   daddsub_clz.o
        24          0          0          0          0         68   dcmpi.o
       688        140          0          0          0        208   ddiv.o
        90          4          0          0          0         92   dfixu.o
        84          0          0          0          0        136   dflt_clz.o
       120          4          0          0          0         92   dleqf.o
       340         12          0          0          0        104   dmul.o
       156          4          0          0          0         92   dnaninf.o
        12          0          0          0          0         68   dretinf.o
       108          0          0          0          0         80   drleqf.o
       460         56          0          0          0        120   dsqrt_noumaal.o
        86          4          0          0          0         84   f2d.o
       450          8          0          0          0        236   faddsub_clz.o
       388         76          0          0          0         96   fdiv.o
        54          4          0          0          0         84   ffix.o
        62          4          0          0          0         84   ffixu.o
        86          0          0          0          0        136   fflt_clz.o
       258          4          0          0          0         84   fmul.o
       140          4          0          0          0         84   fnaninf.o
        10          0          0          0          0         68   fretinf.o
         0          0          0          0          0          0   usenofp.o
        76          0          0          0          0         84   sqrt.o

    ----------------------------------------------------------------------
      4904        360          0          0        100       3216   Library Totals
        18          0          0          0          4          0   (incl. Padding)

    ----------------------------------------------------------------------

      Code (inc. data)   RO Data    RW Data    ZI Data      Debug   Library Name

       292         16          0          0         96        752   c_w.l
      4518        344          0          0          0       2380   fz_ws.l
        76          0          0          0          0         84   m_ws.l

    ----------------------------------------------------------------------
      4904        360          0          0        100       3216   Library Totals

    ----------------------------------------------------------------------

==============================================================================


      Code (inc. data)   RO Data    RW Data    ZI Data      Debug   

     16698       1294      14958        148       2556     323904   Grand Totals
     16698       1294      14958        148       2556     323904   ELF Image Totals
     16698       1294      14958        148          0          0   ROM Totals

==============================================================================

    Total RO  Size (Code + RO Data)                31656 (  30.91kB)
    Total RW  Size (RW Data + ZI Data)              2704 (   2.64kB)
    Total ROM Size (Code + RO Data + RW Data)      31804 (  31.06kB)

==============================================================================

