<html>
<body>
<pre>
<h1>礦ision Build Log</h1>
<h2>Tool Versions:</h2>
IDE-Version: μVision V5.26.2.0
Copyright (C) 2018 ARM Ltd and ARM Germany GmbH. All rights reserved.
License Information: 1 2, 5, LIC=585FJ-U2TR1-JJ06S-LFJEG-FM83H-Z798S
 
Tool Versions:
Toolchain:       MDK-ARM Plus  Version: 5.26.2.0
Toolchain Path:  D:\KeilVision\keilv5\ARM\ARMCC\Bin
C Compiler:      Armcc.exe V5.06 update 6 (build 750)
Assembler:       Armasm.exe V5.06 update 6 (build 750)
Linker/Locator:  ArmLink.exe V5.06 update 6 (build 750)
Library Manager: ArmAr.exe V5.06 update 6 (build 750)
Hex Converter:   FromElf.exe V5.06 update 6 (build 750)
CPU DLL:         SARMCM3.DLL V5.26.2.0
Dialog DLL:      DCM.DLL V1.17.2.0
Target DLL:      STLink\ST-LINKIII-KEIL_SWO.dll V3.0.5.0
Dialog DLL:      TCM.DLL V1.36.1.0
 
<h2>Project:</h2>
C:\Users\VisualCat\Desktop\SmartAirSTM\Project\SmatrAirSTM.uvprojx
Project File Date:  03/07/2021

<h2>Output:</h2>
*** Using Compiler 'V5.06 update 6 (build 750)', folder: 'D:\KeilVision\keilv5\ARM\ARMCC\Bin'
Rebuild target 'Target 1'
assembling startup_stm32f10x_hd.s...
compiling misc.c...
compiling core_cm3.c...
compiling system_stm32f10x.c...
compiling stm32f10x_it.c...
compiling stm32f10x_bkp.c...
compiling stm32f10x_adc.c...
compiling stm32f10x_can.c...
compiling stm32f10x_dbgmcu.c...
compiling stm32f10x_dma.c...
compiling stm32f10x_cec.c...
compiling stm32f10x_crc.c...
compiling stm32f10x_dac.c...
compiling stm32f10x_exti.c...
compiling stm32f10x_flash.c...
compiling stm32f10x_iwdg.c...
compiling stm32f10x_pwr.c...
compiling stm32f10x_gpio.c...
compiling stm32f10x_fsmc.c...
compiling stm32f10x_rtc.c...
compiling stm32f10x_rcc.c...
compiling stm32f10x_i2c.c...
compiling stm32f10x_spi.c...
compiling delay.c...
compiling stm32f10x_wwdg.c...
compiling stm32f10x_usart.c...
compiling stm32f10x_sdio.c...
compiling sys.c...
compiling stm32f10x_tim.c...
compiling usart.c...
compiling timer.c...
compiling IIC.c...
compiling led.c...
compiling adc.c...
compiling spi.c...
compiling key.c...
compiling bh1750.c...
compiling hdc.c...
compiling lcd_init.c...
compiling power.c...
compiling lcd.c...
compiling exw25q128.c...
compiling touch.c...
compiling fontupd.c...
compiling wbr.c...
compiling Sensor.c...
compiling text.c...
compiling pic.c...
compiling protocol.c...
compiling mcu_api.c...
compiling app.c...
compiling system.c...
..\BspLibrary\Hardweare\Tuya\mcu_sdk\system.c(150): warning:  #177-D: variable "str"  was declared but never referenced
      unsigned char str[10] = {0};  //灞忚斀璀﹀憡
..\BspLibrary\Hardweare\Tuya\mcu_sdk\system.c: 1 warning, 0 errors
compiling bord.c...
compiling main.c...
..\User\main.c(12): warning:  #550-D: variable "lastpos"  was set but never used
  	u16 lastpos[2];//最后一次的数据 
..\User\main.c: 1 warning, 0 errors
compiling show.c...
linking...
Program Size: Code=16698 RO-data=14958 RW-data=148 ZI-data=2556  
FromELF: creating hex file...
"..\Output\SmatrAirSTM.axf" - 0 Error(s), 2 Warning(s).

<h2>Software Packages used:</h2>

Package Vendor: Keil
                http://www.keil.com/pack/Keil.STM32F1xx_DFP.1.1.0.pack
                Keil.STM32F1xx_DFP.1.1.0
                STMicroelectronics STM32F1 Series Device Support, Drivers and Examples

<h2>Collection of Component include folders:</h2>
  .\RTE\_Target_1
  D:\KeilVision\keilv5\ARM\PACK\Keil\STM32F1xx_DFP\1.1.0\Device\Include

<h2>Collection of Component Files used:</h2>
Build Time Elapsed:  00:00:12
</pre>
</body>
</html>
